============================= test session starts ==============================
platform linux -- Python 3.11.2, pytest-9.0.2, pluggy-1.6.0 -- /workspace/banana-slides-ru/.venv/bin/python3
rootdir: /workspace/banana-slides-ru/backend/tests
configfile: pytest.ini
plugins: anyio-4.12.0
collecting ... collected 741 items

backend/tests/integration/test_api_full_flow.py::TestAPIFullFlow::test_api_full_flow_create_to_export SKIPPED [  0%]
backend/tests/integration/test_api_full_flow.py::TestAPIFullFlow::test_quick_api_flow_no_ai SKIPPED [  0%]
backend/tests/integration/test_codex_retry_integration.py::TestCodexRetryIntegration::test_text_model_verify_succeeds SKIPPED [  0%]
backend/tests/integration/test_codex_retry_integration.py::TestCodexRetryIntegration::test_caption_model_verify_succeeds SKIPPED [  0%]
backend/tests/integration/test_codex_retry_integration.py::TestCodexRetryIntegration::test_image_model_verify_succeeds SKIPPED [  0%]
backend/tests/integration/test_full_workflow.py::TestFullWorkflow::test_create_project_and_get_details PASSED [  0%]
backend/tests/integration/test_full_workflow.py::TestFullWorkflow::test_template_upload_workflow PASSED [  0%]
backend/tests/integration/test_full_workflow.py::TestFullWorkflow::test_invalid_template_upload_is_rejected_and_does_not_replace_existing PASSED [  1%]
backend/tests/integration/test_full_workflow.py::TestFullWorkflow::test_invalid_user_template_upload_is_rejected PASSED [  1%]
backend/tests/integration/test_full_workflow.py::TestFullWorkflow::test_project_lifecycle PASSED [  1%]
backend/tests/integration/test_full_workflow.py::TestAPIErrorHandling::test_invalid_json_body PASSED [  1%]
backend/tests/integration/test_full_workflow.py::TestAPIErrorHandling::test_missing_required_fields PASSED [  1%]
backend/tests/integration/test_full_workflow.py::TestAPIErrorHandling::test_method_not_allowed PASSED [  1%]
backend/tests/integration/test_full_workflow.py::TestConcurrentRequests::test_multiple_project_creation PASSED [  1%]
backend/tests/integration/test_lazyllm_real_vendors.py::TestLazyLLMRealVendors::test_deepseek_text_generation SKIPPED [  2%]
backend/tests/integration/test_lazyllm_real_vendors.py::TestLazyLLMRealVendors::test_glm_text_generation SKIPPED [  2%]
backend/tests/integration/test_lazyllm_real_vendors.py::TestLazyLLMRealVendors::test_qwen_vlm_caption SKIPPED [  2%]
backend/tests/integration/test_lazyllm_real_vendors.py::TestLazyLLMRealVendors::test_doubao_image_generation SKIPPED [  2%]
backend/tests/integration/test_migration_019_backfill.py::test_backfill_creates_asset_when_template_image_exists PASSED [  2%]
backend/tests/integration/test_migration_019_backfill.py::test_backfill_skips_asset_when_template_file_missing PASSED [  2%]
backend/tests/integration/test_migration_019_backfill.py::test_backfill_handles_style_only_project PASSED [  2%]
backend/tests/integration/test_migration_019_backfill.py::test_backfill_leaves_clean_projects_untouched PASSED [  2%]
backend/tests/integration/test_migration_019_backfill.py::test_downgrade_reverts_schema PASSED [  3%]
backend/tests/integration/test_mineru_invalid_token_real_api.py::test_mineru_invalid_token_preserves_auth_failure_details SKIPPED [  3%]
backend/tests/integration/test_openai_multi_reference_real_api.py::test_gpt_image_accepts_template_and_material_references SKIPPED [  3%]
backend/tests/integration/test_reference_file_ssrf.py::test_reference_markdown_parse_does_not_fetch_remote_images PASSED [  3%]
backend/tests/integration/test_requests_socks_proxy.py::test_requests_can_reach_http_api_through_all_proxy PASSED [  3%]
backend/tests/integration/test_seedream5_real_api.py::TestSeedream5RealAPI::test_seedream5_image_generation_succeeds SKIPPED [  3%]
backend/tests/integration/test_seedream5_real_api.py::TestSeedream5RealAPI::test_seedream4_still_works SKIPPED [  3%]
backend/tests/integration/test_seedream5_real_api.py::test_reminder_to_run_real_tests SKIPPED actual verification) [  4%]
backend/tests/integration/test_sensenova_image_real_api.py::TestSenseNovaImageRealAPI::test_text_to_image_generation SKIPPED [  4%]
backend/tests/integration/test_sensenova_image_real_api.py::TestSenseNovaImageRealAPI::test_reference_image_edit SKIPPED [  4%]
backend/tests/integration/test_sensenova_image_real_api.py::TestSenseNovaImageRealAPI::test_reference_image_extreme_aspect_edit SKIPPED [  4%]
backend/tests/unit/test_ai_mock.py::TestAIMock::test_ai_service_is_mocked PASSED [  4%]
backend/tests/unit/test_ai_mock.py::TestAIMock::test_description_generation_mocked PASSED [  4%]
backend/tests/unit/test_ai_mock.py::TestAIMock::test_image_generation_mocked PASSED [  4%]
backend/tests/unit/test_ai_mock.py::TestAIMock::test_no_real_api_calls PASSED [  4%]
backend/tests/unit/test_ai_mock.py::TestEnvironmentFlags::test_testing_flag_is_set PASSED [  5%]
backend/tests/unit/test_ai_mock.py::TestEnvironmentFlags::test_mock_ai_flag_is_set PASSED [  5%]
backend/tests/unit/test_ai_service_file_refs.py::test_files_reference_blocks_sibling_prefix_traversal PASSED [  5%]
backend/tests/unit/test_ai_service_file_refs.py::test_files_reference_blocks_commonpath_value_error 
/workspace/banana-slides-ru/backend/tests/unit/test_ai_service_file_refs.py::test_files_reference_blocks_commonpath_value_error PASSED [  5%]
backend/tests/unit/test_ai_service_file_refs.py::test_files_reference_blocks_symlink_escape PASSED [  5%]
backend/tests/unit/test_ai_service_file_refs.py::test_files_reference_skips_directories PASSED [  5%]
backend/tests/unit/test_api_health.py::TestHealthEndpoint::test_health_check_returns_ok PASSED [  5%]
backend/tests/unit/test_api_health.py::TestHealthEndpoint::test_health_check_response_format PASSED [  6%]
backend/tests/unit/test_api_material.py::TestMaterialUpload::test_upload_material_without_caption PASSED [  6%]
backend/tests/unit/test_api_material.py::TestMaterialUpload::test_upload_material_with_caption PASSED [  6%]
backend/tests/unit/test_api_material.py::TestMaterialUpload::test_upload_material_caption_failure_still_succeeds PASSED [  6%]
backend/tests/unit/test_api_material.py::TestMaterialUpload::test_upload_material_caption_false_param PASSED [  6%]
backend/tests/unit/test_api_material.py::TestMaterialUpload::test_upload_material_invalid_file_type PASSED [  6%]
backend/tests/unit/test_api_material.py::TestMaterialUpload::test_upload_material_chinese_filename_uses_content_type_and_uuid_storage PASSED [  6%]
backend/tests/unit/test_api_material.py::TestMaterialUpload::test_upload_material_spoofed_extension_still_uses_detected_image_format PASSED [  7%]
backend/tests/unit/test_api_material.py::TestMaterialUpload::test_upload_material_svg_detection_does_not_parse_entities PASSED [  7%]
backend/tests/unit/test_api_material.py::TestMaterialUpload::test_upload_material_text_mentioning_svg_is_rejected PASSED [  7%]
backend/tests/unit/test_api_material.py::TestMaterialUpload::test_upload_material_corrupted_image_errors_are_rejected PASSED [  7%]
backend/tests/unit/test_api_material.py::TestMaterialUpload::test_upload_material_no_file PASSED [  7%]
backend/tests/unit/test_api_material.py::TestGenerateImageCaption::test_caption_returns_empty_on_missing_gemini_key PASSED [  7%]
backend/tests/unit/test_api_material.py::TestGenerateImageCaption::test_caption_returns_empty_on_missing_openai_key PASSED [  7%]
backend/tests/unit/test_api_material.py::TestGenerateImageCaption::test_caption_returns_empty_on_invalid_file PASSED [  7%]
backend/tests/unit/test_api_material.py::TestGenerateImageCaption::test_caption_gemini_success PASSED [  8%]
backend/tests/unit/test_api_project.py::TestProjectCreate::test_create_project_idea_mode PASSED [  8%]
backend/tests/unit/test_api_project.py::TestProjectCreate::test_create_project_outline_mode PASSED [  8%]
backend/tests/unit/test_api_project.py::TestProjectCreate::test_create_project_rejects_missing_blank_or_non_text_content[payload0-idea_prompt must contain non-whitespace text] PASSED [  8%]
backend/tests/unit/test_api_project.py::TestProjectCreate::test_create_project_rejects_missing_blank_or_non_text_content[payload1-outline_text must contain non-whitespace text] PASSED [  8%]
backend/tests/unit/test_api_project.py::TestProjectCreate::test_create_project_rejects_missing_blank_or_non_text_content[payload2-description_text is required] PASSED [  8%]
backend/tests/unit/test_api_project.py::TestProjectCreate::test_create_project_rejects_missing_blank_or_non_text_content[payload3-description_text must be a string] PASSED [  8%]
backend/tests/unit/test_api_project.py::TestProjectCreate::test_create_project_normalizes_selected_content_and_template_style PASSED [  9%]
backend/tests/unit/test_api_project.py::TestProjectCreate::test_create_project_rejects_non_text_template_style PASSED [  9%]
backend/tests/unit/test_api_project.py::TestProjectCreate::test_create_project_normalizes_empty_template_style_to_none[] PASSED [  9%]
backend/tests/unit/test_api_project.py::TestProjectCreate::test_create_project_normalizes_empty_template_style_to_none[   \n\t ] PASSED [  9%]
backend/tests/unit/test_api_project.py::TestProjectCreate::test_create_project_missing_type PASSED [  9%]
backend/tests/unit/test_api_project.py::TestProjectCreate::test_create_project_invalid_type PASSED [  9%]
backend/tests/unit/test_api_project.py::TestPageBatchCreate::test_batch_create_pages_preserves_request_order_and_shifts_existing_pages PASSED [  9%]
backend/tests/unit/test_api_project.py::TestPageBatchCreate::test_batch_create_pages_rejects_empty_payload PASSED [  9%]
backend/tests/unit/test_api_project.py::TestPageBatchCreate::test_batch_create_pages_validates_payload_types[page_payload0] PASSED [ 10%]
backend/tests/unit/test_api_project.py::TestPageBatchCreate::test_batch_create_pages_validates_payload_types[page_payload1] PASSED [ 10%]
backend/tests/unit/test_api_project.py::TestPageBatchCreate::test_batch_create_pages_validates_payload_types[page_payload2] PASSED [ 10%]
backend/tests/unit/test_api_project.py::TestPageBatchCreate::test_batch_create_pages_allows_null_optional_content PASSED [ 10%]
backend/tests/unit/test_api_project.py::TestProjectGet::test_get_project_success PASSED [ 10%]
backend/tests/unit/test_api_project.py::TestProjectGet::test_get_project_not_found PASSED [ 10%]
backend/tests/unit/test_api_project.py::TestProjectGet::test_get_project_invalid_id_format PASSED [ 10%]
backend/tests/unit/test_api_project.py::TestResourceConcurrency::test_image_limiter_allows_more_than_global_four_workers PASSED [ 11%]
backend/tests/unit/test_api_project.py::TestResourceConcurrency::test_shared_task_pool_no_longer_caps_single_page_image_tasks_at_four PASSED [ 11%]
backend/tests/unit/test_api_project.py::TestProjectOutlineStream::test_flatten_outline_preserves_falsy_parent_part_values PASSED [ 11%]
backend/tests/unit/test_api_project.py::TestProjectOutlineStream::test_flatten_outline_strips_title_and_part_whitespace PASSED [ 11%]
backend/tests/unit/test_api_project.py::TestProjectOutlineStream::test_flatten_outline_drops_blank_points_from_ai_output PASSED [ 11%]
backend/tests/unit/test_api_project.py::TestProjectOutlineStream::test_from_description_normalizes_string_outline_pages_after_count_mismatch PASSED [ 11%]
backend/tests/unit/test_api_project.py::TestProjectOutlineStream::test_description_stream_prompt_uses_latest_description_format PASSED [ 11%]
backend/tests/unit/test_api_project.py::TestProjectOutlineStream::test_outline_stream_parses_legacy_outline_only_markdown PASSED [ 12%]
backend/tests/unit/test_api_project.py::TestProjectOutlineStream::test_outline_stream_ignores_deck_title_before_cover PASSED [ 12%]
backend/tests/unit/test_api_project.py::TestProjectOutlineStream::test_description_stream_parser_binds_description_to_same_page PASSED [ 12%]
backend/tests/unit/test_api_project.py::TestProjectOutlineStream::test_description_stream_persists_outline_and_description PASSED [ 12%]
backend/tests/unit/test_api_project.py::TestProjectUpdate::test_update_project_status PASSED [ 12%]
backend/tests/unit/test_api_project.py::TestProjectUpdate::test_update_project_title PASSED [ 12%]
backend/tests/unit/test_api_project.py::TestProjectDelete::test_delete_project_success PASSED [ 12%]
backend/tests/unit/test_api_project.py::TestProjectDelete::test_delete_project_not_found PASSED [ 12%]
backend/tests/unit/test_api_settings_provider.py::test_get_test_image_path_prefers_pyinstaller_meipass PASSED [ 13%]
backend/tests/unit/test_api_settings_provider.py::test_update_settings_accepts_lazyllm_provider PASSED [ 13%]
backend/tests/unit/test_api_settings_provider.py::test_update_settings_accepts_volcengine_provider PASSED [ 13%]
backend/tests/unit/test_api_settings_provider.py::test_volcengine_text_provider_uses_modelark_openai_compatible_base PASSED [ 13%]
backend/tests/unit/test_api_settings_provider.py::test_volcengine_empty_base_string_falls_back_to_default PASSED [ 13%]
backend/tests/unit/test_api_settings_provider.py::test_resolve_setting_treats_empty_string_as_unset PASSED [ 13%]
backend/tests/unit/test_api_settings_provider.py::test_doubao_seedream_auto_protocol_uses_native_images_api PASSED [ 13%]
backend/tests/unit/test_api_settings_provider.py::test_doubao_seedream_forced_images_protocol_keeps_references_on_chat_path PASSED [ 14%]
backend/tests/unit/test_api_settings_provider.py::test_doubao_seedream_forced_images_protocol_without_references_uses_images_api PASSED [ 14%]
backend/tests/unit/test_api_settings_provider.py::test_volcengine_provider_does_not_fallback_to_gemini_key PASSED [ 14%]
backend/tests/unit/test_api_settings_provider.py::test_volcengine_provider_does_not_fallback_to_openai_key PASSED [ 14%]
backend/tests/unit/test_api_settings_provider.py::test_per_model_volcengine_source_does_not_fallback_to_openai_key PASSED [ 14%]
backend/tests/unit/test_api_settings_provider.py::test_settings_to_dict_uses_volcengine_defaults_for_selected_provider PASSED [ 14%]
backend/tests/unit/test_api_settings_provider.py::test_settings_to_dict_volcengine_defaults_do_not_use_openai_key PASSED [ 14%]
backend/tests/unit/test_api_settings_provider.py::test_settings_to_dict_uses_volcengine_defaults_for_per_model_source PASSED [ 14%]
backend/tests/unit/test_api_settings_provider.py::test_settings_to_dict_uses_specific_per_model_api_defaults PASSED [ 15%]
backend/tests/unit/test_api_settings_provider.py::test_sync_settings_scopes_global_api_override_to_active_provider PASSED [ 15%]
backend/tests/unit/test_api_settings_provider.py::test_temporary_settings_override_scopes_global_api_override_to_active_provider PASSED [ 15%]
backend/tests/unit/test_api_settings_provider.py::test_verify_uses_configured_text_model PASSED [ 15%]
backend/tests/unit/test_api_settings_provider.py::test_codex_401_settings_test_disconnects_oauth_and_reports_state PASSED [ 15%]
backend/tests/unit/test_api_settings_provider.py::test_codex_oauth_not_connected_settings_test_disconnects_oauth_and_reports_state[text-model-text_model_source-TEST_TEXT_MODEL] PASSED [ 15%]
backend/tests/unit/test_api_settings_provider.py::test_codex_oauth_not_connected_settings_test_disconnects_oauth_and_reports_state[image-model-image_model_source-TEST_IMAGE_MODEL] PASSED [ 15%]
backend/tests/unit/test_api_settings_provider.py::test_codex_oauth_not_connected_settings_test_disconnects_oauth_and_reports_state[caption-model-image_caption_model_source-TEST_CAPTION_MODEL] PASSED [ 16%]
backend/tests/unit/test_api_settings_provider.py::test_non_codex_oauth_not_connected_error_does_not_disconnect_codex_oauth PASSED [ 16%]
backend/tests/unit/test_api_settings_provider.py::test_unrelated_401_settings_test_does_not_disconnect_codex_oauth PASSED [ 16%]
backend/tests/unit/test_api_settings_provider.py::test_codex_test_error_text_with_4010_does_not_disconnect_oauth PASSED [ 16%]
backend/tests/unit/test_apimart_openai_compat.py::test_openai_text_generation_explicitly_requests_non_stream PASSED [ 16%]
backend/tests/unit/test_apimart_openai_compat.py::test_openai_text_with_image_explicitly_requests_non_stream PASSED [ 16%]
backend/tests/unit/test_apimart_openai_compat.py::test_openai_image_chat_path_explicitly_requests_non_stream PASSED [ 16%]
backend/tests/unit/test_apimart_openai_compat.py::test_image_service_avoids_gpt_image_edit_endpoint PASSED [ 17%]
backend/tests/unit/test_apimart_openai_compat.py::test_image_service_keeps_reference_for_non_gpt_model PASSED [ 17%]
backend/tests/unit/test_apimart_openai_compat.py::test_anthropic_chat_path_explicitly_requests_non_stream PASSED [ 17%]
backend/tests/unit/test_apimart_openai_compat.py::test_material_caption_endpoint_explicitly_requests_non_stream PASSED [ 17%]
backend/tests/unit/test_apimart_openai_compat.py::test_apimart_async_image_generate_polls_until_completed PASSED [ 17%]
backend/tests/unit/test_apimart_openai_compat.py::test_non_apimart_images_request_keeps_concrete_size_without_resolution PASSED [ 17%]
backend/tests/unit/test_apimart_openai_compat.py::test_apimart_image_request_maps_resolution_tier[1K-1k] PASSED [ 17%]
backend/tests/unit/test_apimart_openai_compat.py::test_apimart_image_request_maps_resolution_tier[2K-2k] PASSED [ 17%]
backend/tests/unit/test_apimart_openai_compat.py::test_apimart_image_request_maps_resolution_tier[4K-4k] PASSED [ 18%]
backend/tests/unit/test_apimart_openai_compat.py::test_legacy_openai_raw_response_reads_http_response_json PASSED [ 18%]
backend/tests/unit/test_apimart_openai_compat.py::test_apimart_async_image_generate_with_references_polls_until_completed PASSED [ 18%]
backend/tests/unit/test_apimart_openai_compat.py::test_apimart_dalle_keeps_concrete_model_size[dall-e-2-1024x1024] PASSED [ 18%]
backend/tests/unit/test_apimart_openai_compat.py::test_apimart_dalle_keeps_concrete_model_size[dall-e-3-1792x1024] PASSED [ 18%]
backend/tests/unit/test_apimart_openai_compat.py::test_apimart_image_limit_rejected_before_request PASSED [ 18%]
backend/tests/unit/test_apimart_openai_compat.py::test_non_apimart_chat_image_accepts_more_than_sixteen_references PASSED [ 18%]
backend/tests/unit/test_apimart_openai_compat.py::test_apimart_async_image_failure_raises_provider_error PASSED [ 19%]
backend/tests/unit/test_app_factory.py::test_create_app_respects_database_url_env PASSED [ 19%]
backend/tests/unit/test_app_factory.py::test_create_app_accepts_relative_database_path_env PASSED [ 19%]
backend/tests/unit/test_app_factory.py::test_create_app_prefers_database_path_over_database_url PASSED [ 19%]
backend/tests/unit/test_app_factory.py::test_create_app_defaults_werkzeug_log_level_to_info PASSED [ 19%]
backend/tests/unit/test_app_factory.py::test_create_app_respects_werkzeug_log_level_env PASSED [ 19%]
backend/tests/unit/test_app_factory.py::test_create_app_accepts_numeric_string_werkzeug_log_level PASSED [ 19%]
backend/tests/unit/test_app_factory.py::test_create_app_treats_empty_werkzeug_log_level_env_as_info PASSED [ 19%]
backend/tests/unit/test_app_factory.py::test_create_app_accepts_numeric_werkzeug_log_level_config PASSED [ 20%]
backend/tests/unit/test_app_factory.py::test_create_app_strips_programmatic_werkzeug_log_level_config PASSED [ 20%]
backend/tests/unit/test_app_factory.py::test_create_app_falls_back_for_invalid_werkzeug_log_level_config PASSED [ 20%]
backend/tests/unit/test_app_factory.py::test_default_ports_move_away_from_common_conflicts PASSED [ 20%]
backend/tests/unit/test_app_factory.py::test_compute_worktree_backend_port_uses_new_default_base PASSED [ 20%]
backend/tests/unit/test_app_factory.py::test_config_default_cors_matches_new_frontend_port PASSED [ 20%]
backend/tests/unit/test_app_startup_volcengine_credentials.py::test_startup_loader_restores_volcengine_credentials PASSED [ 20%]
backend/tests/unit/test_app_startup_volcengine_credentials.py::test_startup_loader_volcengine_credentials_override_env PASSED [ 21%]
backend/tests/unit/test_app_startup_volcengine_credentials.py::test_startup_loader_does_not_pollute_volcengine_keys_for_other_formats PASSED [ 21%]
backend/tests/unit/test_app_startup_volcengine_credentials.py::test_startup_loader_does_not_pollute_openai_keys_for_volcengine_format PASSED [ 21%]
backend/tests/unit/test_backend_dockerfile_runtime.py::test_backend_container_uses_prebuilt_virtualenv_at_runtime PASSED [ 21%]
backend/tests/unit/test_backend_dockerfile_runtime.py::test_lazyllm_runtime_provider_dependencies_are_packaged PASSED [ 21%]
backend/tests/unit/test_backend_dockerfile_runtime.py::test_requests_socks_runtime_dependency_is_packaged PASSED [ 21%]
backend/tests/unit/test_backend_dockerfile_runtime.py::test_desktop_backend_collects_dynamic_lazyllm_suppliers PASSED [ 21%]
backend/tests/unit/test_cli_config.py::test_resolve_config_defaults_to_new_backend_port PASSED [ 21%]
backend/tests/unit/test_cli_config.py::test_resolve_config_precedence PASSED [ 22%]
backend/tests/unit/test_cli_interactive_builder.py::test_interactive_generate_two_jobs PASSED [ 22%]
backend/tests/unit/test_cli_interactive_builder.py::test_interactive_generate_decline_overwrite PASSED [ 22%]
backend/tests/unit/test_cli_loader.py::test_load_jsonl_jobs PASSED       [ 22%]
backend/tests/unit/test_cli_loader.py::test_load_csv_jobs_with_options_json PASSED [ 22%]
backend/tests/unit/test_cli_plain_help.py::test_help_plain_text_in_pipe PASSED [ 22%]
backend/tests/unit/test_cli_plain_help.py::test_help_contains_new_commands PASSED [ 22%]
backend/tests/unit/test_cli_resolve.py::test_is_full_uuid_valid PASSED   [ 23%]
backend/tests/unit/test_cli_resolve.py::test_is_full_uuid_short PASSED   [ 23%]
backend/tests/unit/test_cli_resolve.py::test_is_full_uuid_no_dashes PASSED [ 23%]
backend/tests/unit/test_cli_resolve.py::test_set_and_get_working_project PASSED [ 23%]
backend/tests/unit/test_cli_resolve.py::test_clear_working_project PASSED [ 23%]
backend/tests/unit/test_cli_resolve.py::test_get_working_project_no_file PASSED [ 23%]
backend/tests/unit/test_cli_resolve.py::test_get_working_project_corrupt_file PASSED [ 23%]
backend/tests/unit/test_cli_resolve.py::test_resolve_full_uuid PASSED    [ 24%]
backend/tests/unit/test_cli_resolve.py::test_resolve_short_prefix_unique PASSED [ 24%]
backend/tests/unit/test_cli_resolve.py::test_resolve_short_prefix_ambiguous PASSED [ 24%]
backend/tests/unit/test_cli_resolve.py::test_resolve_short_prefix_no_match PASSED [ 24%]
backend/tests/unit/test_cli_resolve.py::test_resolve_falls_back_to_context PASSED [ 24%]
backend/tests/unit/test_cli_resolve.py::test_resolve_none_no_context_raises PASSED [ 24%]
backend/tests/unit/test_cli_resolve.py::test_resolve_none_context_disabled_raises PASSED [ 24%]
backend/tests/unit/test_cli_resolve.py::test_resolve_page_full_uuid PASSED [ 24%]
backend/tests/unit/test_cli_resolve.py::test_resolve_page_short_prefix PASSED [ 25%]
backend/tests/unit/test_cli_resolve.py::test_resolve_page_no_match PASSED [ 25%]
backend/tests/unit/test_cli_resolve.py::test_resolve_page_ambiguous PASSED [ 25%]
backend/tests/unit/test_cli_run_monitor.py::test_wait_task_emits_progress_events PASSED [ 25%]
backend/tests/unit/test_cli_run_monitor.py::test_run_jobs_writes_state_file PASSED [ 25%]
backend/tests/unit/test_cli_run_monitor.py::test_run_jobs_done_marker_skips_completed_job PASSED [ 25%]
backend/tests/unit/test_cli_run_monitor.py::test_cmd_monitor_reads_snapshot PASSED [ 25%]
backend/tests/unit/test_cli_run_monitor.py::test_cmd_monitor_watch_until_completed PASSED [ 26%]
backend/tests/unit/test_codex_image_retry.py::TestImageRetryableErrors::test_retryable_status_codes[429] PASSED [ 26%]
backend/tests/unit/test_codex_image_retry.py::TestImageRetryableErrors::test_retryable_status_codes[500] PASSED [ 26%]
backend/tests/unit/test_codex_image_retry.py::TestImageRetryableErrors::test_retryable_status_codes[502] PASSED [ 26%]
backend/tests/unit/test_codex_image_retry.py::TestImageRetryableErrors::test_retryable_status_codes[503] PASSED [ 26%]
backend/tests/unit/test_codex_image_retry.py::TestImageRetryableErrors::test_retryable_status_codes[504] PASSED [ 26%]
backend/tests/unit/test_codex_image_retry.py::TestImageRetryableErrors::test_non_retryable_status_codes[400] PASSED [ 26%]
backend/tests/unit/test_codex_image_retry.py::TestImageRetryableErrors::test_non_retryable_status_codes[401] PASSED [ 26%]
backend/tests/unit/test_codex_image_retry.py::TestImageRetryableErrors::test_non_retryable_status_codes[403] PASSED [ 27%]
backend/tests/unit/test_codex_image_retry.py::TestImageRetryableErrors::test_non_retryable_status_codes[404] PASSED [ 27%]
backend/tests/unit/test_codex_image_retry.py::TestImageRetryableErrors::test_retryable_network_errors[exc0] PASSED [ 27%]
backend/tests/unit/test_codex_image_retry.py::TestImageRetryableErrors::test_retryable_network_errors[exc1] PASSED [ 27%]
backend/tests/unit/test_codex_image_retry.py::TestImageRetryableErrors::test_retryable_network_errors[exc2] PASSED [ 27%]
backend/tests/unit/test_codex_image_retry.py::TestImageRetryableErrors::test_retryable_network_errors[exc3] PASSED [ 27%]
backend/tests/unit/test_codex_image_retry.py::TestGenerateImageRetry::test_uses_supported_response_model_and_preserves_image_model[gpt-image-2] PASSED [ 27%]
backend/tests/unit/test_codex_image_retry.py::TestGenerateImageRetry::test_uses_supported_response_model_and_preserves_image_model[gpt-image-1.5] PASSED [ 28%]
backend/tests/unit/test_codex_image_retry.py::TestGenerateImageRetry::test_success_on_first_try PASSED [ 28%]
backend/tests/unit/test_codex_image_retry.py::TestGenerateImageRetry::test_retries_on_429_then_succeeds PASSED [ 28%]
backend/tests/unit/test_codex_image_retry.py::TestGenerateImageRetry::test_retries_on_503_then_succeeds PASSED [ 28%]
backend/tests/unit/test_codex_image_retry.py::TestGenerateImageRetry::test_raises_immediately_on_401 PASSED [ 28%]
backend/tests/unit/test_codex_image_retry.py::TestGenerateImageRetry::test_exhausts_retries_on_persistent_429 PASSED [ 28%]
backend/tests/unit/test_codex_image_retry.py::TestGenerateImageRetry::test_retries_on_ssl_error_then_succeeds PASSED [ 28%]
backend/tests/unit/test_codex_text_retry.py::TestIsRetryableHttpError::test_retryable_status_codes[429] PASSED [ 29%]
backend/tests/unit/test_codex_text_retry.py::TestIsRetryableHttpError::test_retryable_status_codes[500] PASSED [ 29%]
backend/tests/unit/test_codex_text_retry.py::TestIsRetryableHttpError::test_retryable_status_codes[502] PASSED [ 29%]
backend/tests/unit/test_codex_text_retry.py::TestIsRetryableHttpError::test_retryable_status_codes[503] PASSED [ 29%]
backend/tests/unit/test_codex_text_retry.py::TestIsRetryableHttpError::test_retryable_status_codes[504] PASSED [ 29%]
backend/tests/unit/test_codex_text_retry.py::TestIsRetryableHttpError::test_non_retryable_status_codes[400] PASSED [ 29%]
backend/tests/unit/test_codex_text_retry.py::TestIsRetryableHttpError::test_non_retryable_status_codes[401] PASSED [ 29%]
backend/tests/unit/test_codex_text_retry.py::TestIsRetryableHttpError::test_non_retryable_status_codes[403] PASSED [ 29%]
backend/tests/unit/test_codex_text_retry.py::TestIsRetryableHttpError::test_non_retryable_status_codes[404] PASSED [ 30%]
backend/tests/unit/test_codex_text_retry.py::TestIsRetryableHttpError::test_non_retryable_status_codes[422] PASSED [ 30%]
backend/tests/unit/test_codex_text_retry.py::TestIsRetryableHttpError::test_non_http_error PASSED [ 30%]
backend/tests/unit/test_codex_text_retry.py::TestIsRetryableHttpError::test_http_error_without_response PASSED [ 30%]
backend/tests/unit/test_codex_text_retry.py::TestIsRetryableHttpError::test_retryable_network_errors[exc0] PASSED [ 30%]
backend/tests/unit/test_codex_text_retry.py::TestIsRetryableHttpError::test_retryable_network_errors[exc1] PASSED [ 30%]
backend/tests/unit/test_codex_text_retry.py::TestIsRetryableHttpError::test_retryable_network_errors[exc2] PASSED [ 30%]
backend/tests/unit/test_codex_text_retry.py::TestIsRetryableHttpError::test_retryable_network_errors[exc3] PASSED [ 31%]
backend/tests/unit/test_codex_text_retry.py::TestPostWithRetry::test_success_on_first_try PASSED [ 31%]
backend/tests/unit/test_codex_text_retry.py::TestPostWithRetry::test_retries_on_429_then_succeeds PASSED [ 31%]
backend/tests/unit/test_codex_text_retry.py::TestPostWithRetry::test_retries_on_502_then_succeeds PASSED [ 31%]
backend/tests/unit/test_codex_text_retry.py::TestPostWithRetry::test_raises_immediately_on_401 PASSED [ 31%]
backend/tests/unit/test_codex_text_retry.py::TestPostWithRetry::test_raises_immediately_on_400 PASSED [ 31%]
backend/tests/unit/test_codex_text_retry.py::TestPostWithRetry::test_exhausts_retries_on_persistent_429 PASSED [ 31%]
backend/tests/unit/test_codex_text_retry.py::TestPostWithRetry::test_retries_on_ssl_error_then_succeeds PASSED [ 31%]
backend/tests/unit/test_codex_text_retry.py::TestGenerateTextRetry::test_generate_text_delegates_to_post_with_retry PASSED [ 32%]
backend/tests/unit/test_codex_text_retry.py::TestGenerateTextRetry::test_generate_text_stream_delegates_to_post_with_retry PASSED [ 32%]
backend/tests/unit/test_codex_text_retry.py::TestGenerateTextRetry::test_generate_with_image_delegates_to_post_with_retry PASSED [ 32%]
backend/tests/unit/test_content_language_prompts.py::test_content_prompts_are_cjk_free_for_supported_non_chinese_languages PASSED [ 32%]
backend/tests/unit/test_content_language_prompts.py::test_russian_prompts_include_unambiguous_russian_instruction PASSED [ 32%]
backend/tests/unit/test_content_language_prompts.py::test_auto_language_follows_input_without_unsolicited_chinese PASSED [ 32%]
backend/tests/unit/test_content_language_prompts.py::test_english_extra_field_labels_normalize_to_canonical_storage_names PASSED [ 32%]
backend/tests/unit/test_content_language_prompts.py::test_language_helpers_are_non_empty_and_guarded PASSED [ 33%]
backend/tests/unit/test_description_field_contract.py::test_default_fields_render_full_instructions PASSED [ 33%]
backend/tests/unit/test_description_field_contract.py::test_field_instructions_state_exclusion_rules PASSED [ 33%]
backend/tests/unit/test_description_field_contract.py::test_field_instructions_carry_length_budget PASSED [ 33%]
backend/tests/unit/test_description_field_contract.py::test_custom_field_falls_back_to_generic_instruction PASSED [ 33%]
backend/tests/unit/test_description_field_contract.py::test_legacy_field_names_do_not_borrow_new_definitions PASSED [ 33%]
backend/tests/unit/test_description_field_contract.py::test_empty_field_list_renders_nothing PASSED [ 33%]
backend/tests/unit/test_description_field_contract.py::test_page_description_prompt_drops_standalone_material_section PASSED [ 34%]
backend/tests/unit/test_description_field_contract.py::test_page_description_prompt_states_verbatim_and_title_rules PASSED [ 34%]
backend/tests/unit/test_description_field_contract.py::test_stream_description_prompt_matches_contract PASSED [ 34%]
backend/tests/unit/test_description_field_contract.py::test_generation_and_refinement_prompts_carry_takeaway_rule[<lambda>0] PASSED [ 34%]
backend/tests/unit/test_description_field_contract.py::test_generation_and_refinement_prompts_carry_takeaway_rule[<lambda>1] PASSED [ 34%]
backend/tests/unit/test_description_field_contract.py::test_generation_and_refinement_prompts_carry_takeaway_rule[<lambda>2] PASSED [ 34%]
backend/tests/unit/test_description_field_contract.py::test_takeaway_rule_exempts_functional_pages PASSED [ 34%]
backend/tests/unit/test_description_field_contract.py::test_takeaway_rule_requires_coherent_storyline PASSED [ 34%]
backend/tests/unit/test_description_field_contract.py::test_cover_and_toc_are_exempt_from_part_grouping[<lambda>0] PASSED [ 35%]
backend/tests/unit/test_description_field_contract.py::test_cover_and_toc_are_exempt_from_part_grouping[<lambda>1] PASSED [ 35%]
backend/tests/unit/test_description_field_contract.py::test_cover_and_toc_are_exempt_from_part_grouping[<lambda>2] PASSED [ 35%]
backend/tests/unit/test_description_field_contract.py::test_outline_json_format_example_keeps_cover_outside_part PASSED [ 35%]
backend/tests/unit/test_description_field_contract.py::test_description_derived_outlines_exempt_cover_from_part[<lambda>0] PASSED [ 35%]
backend/tests/unit/test_description_field_contract.py::test_description_derived_outlines_exempt_cover_from_part[<lambda>1] PASSED [ 35%]
backend/tests/unit/test_description_field_contract.py::test_outline_parsing_prompts_do_not_inject_part_exemption[<lambda>0] PASSED [ 35%]
backend/tests/unit/test_description_field_contract.py::test_outline_parsing_prompts_do_not_inject_part_exemption[<lambda>1] PASSED [ 36%]
backend/tests/unit/test_description_field_contract.py::test_description_derived_outlines_use_conditional_takeaway[<lambda>0] PASSED [ 36%]
backend/tests/unit/test_description_field_contract.py::test_description_derived_outlines_use_conditional_takeaway[<lambda>1] PASSED [ 36%]
backend/tests/unit/test_description_field_contract.py::test_outline_parsing_prompts_stay_faithful[<lambda>0] PASSED [ 36%]
backend/tests/unit/test_description_field_contract.py::test_outline_parsing_prompts_stay_faithful[<lambda>1] PASSED [ 36%]
backend/tests/unit/test_description_field_contract.py::test_default_fields_are_orthogonal_trio PASSED [ 36%]
backend/tests/unit/test_description_field_contract.py::test_legacy_equiv_covers_all_retired_names PASSED [ 36%]
backend/tests/unit/test_description_field_contract.py::test_takeaway_rule_bans_topic_announcing_sentences[<lambda>0] PASSED [ 36%]
backend/tests/unit/test_description_field_contract.py::test_takeaway_rule_bans_topic_announcing_sentences[<lambda>1] PASSED [ 37%]
backend/tests/unit/test_description_field_contract.py::test_takeaway_rule_requires_evidence_not_restatement PASSED [ 37%]
backend/tests/unit/test_description_field_contract.py::test_outline_markdown_prompt_bans_deck_level_title PASSED [ 37%]
backend/tests/unit/test_description_field_contract.py::test_parse_outline_ignores_deck_title_before_cover PASSED [ 37%]
backend/tests/unit/test_description_field_contract.py::test_parse_outline_keeps_opening_chapter_without_cover PASSED [ 37%]
backend/tests/unit/test_description_field_contract.py::test_legacy_fields_still_reach_image_prompt[\u89c6\u89c9\u5143\u7d20] PASSED [ 37%]
backend/tests/unit/test_description_field_contract.py::test_legacy_fields_still_reach_image_prompt[\u89c6\u89c9\u7126\u70b9] PASSED [ 37%]
backend/tests/unit/test_description_field_contract.py::test_legacy_fields_still_reach_image_prompt[\u6392\u7248\u5e03\u5c40] PASSED [ 38%]
backend/tests/unit/test_description_field_contract.py::test_legacy_fields_still_reach_image_prompt[\u6392\u7248\u5efa\u8bae] PASSED [ 38%]
backend/tests/unit/test_description_field_contract.py::test_legacy_speaker_notes_still_excluded PASSED [ 38%]
backend/tests/unit/test_description_field_contract.py::test_new_fields_reach_image_prompt PASSED [ 38%]
backend/tests/unit/test_description_field_contract.py::test_unknown_custom_field_still_filtered PASSED [ 38%]
backend/tests/unit/test_description_field_contract.py::test_settings_default_getters_return_new_fields PASSED [ 38%]
backend/tests/unit/test_description_field_contract.py::test_parseable_names_extend_instruction_names_with_legacy PASSED [ 38%]
backend/tests/unit/test_description_field_contract.py::test_refinement_prompt_includes_existing_extra_fields PASSED [ 39%]
backend/tests/unit/test_description_field_contract.py::test_refine_descriptions_splits_extra_fields_back_out PASSED [ 39%]
backend/tests/unit/test_description_field_contract.py::test_refine_descriptions_splits_legacy_field_names PASSED [ 39%]
backend/tests/unit/test_description_field_contract.py::test_refine_descriptions_without_fields_returns_text_only PASSED [ 39%]
backend/tests/unit/test_description_field_contract.py::test_refine_descriptions_flattens_dict_items PASSED [ 39%]
backend/tests/unit/test_description_field_contract.py::test_parse_extra_fields_matches_field_at_text_start PASSED [ 39%]
backend/tests/unit/test_description_field_contract.py::test_refine_descriptions_flattens_dict_with_field_first PASSED [ 39%]
backend/tests/unit/test_description_field_contract.py::test_refine_descriptions_flattens_list_values PASSED [ 39%]
backend/tests/unit/test_description_field_contract.py::test_refinement_prompt_tolerates_null_text PASSED [ 40%]
backend/tests/unit/test_description_field_contract.py::test_refine_descriptions_rejects_non_list PASSED [ 40%]
backend/tests/unit/test_desktop_backend_startup.py::test_desktop_backend_starts_from_non_backend_cwd_with_database_path PASSED [ 40%]
backend/tests/unit/test_desktop_backend_startup.py::test_desktop_backend_repairs_old_settings_schema_before_update PASSED [ 40%]
backend/tests/unit/test_editable_export_task_errors.py::test_editable_export_task_preserves_progress_and_structured_failure PASSED [ 40%]
backend/tests/unit/test_editable_export_task_errors.py::test_editable_export_creation_is_idempotent_with_client_task_id PASSED [ 40%]
backend/tests/unit/test_editable_export_task_errors.py::test_editable_export_rejects_invalid_client_task_id PASSED [ 40%]
backend/tests/unit/test_editable_export_task_errors.py::test_editable_export_records_task_submission_failure PASSED [ 41%]
backend/tests/unit/test_editable_pptx_equations.py::test_builder_writes_native_omml_equation_instead_of_raw_tex PASSED [ 41%]
backend/tests/unit/test_editable_pptx_equations.py::test_builder_applies_math_color_to_omml_runs PASSED [ 41%]
backend/tests/unit/test_editable_pptx_equations.py::test_game_theory_latex_lines_are_native_omml_not_raw_tex PASSED [ 41%]
backend/tests/unit/test_editable_pptx_equations.py::test_latex_math_detection_uses_content_not_metadata PASSED [ 41%]
backend/tests/unit/test_editable_pptx_equations.py::test_mixed_latex_segments_use_display_text_for_plain_text_rendering PASSED [ 41%]
backend/tests/unit/test_editable_pptx_equations.py::test_math_element_uses_only_native_formula_shape_without_visible_fallback PASSED [ 41%]
backend/tests/unit/test_editable_pptx_equations.py::test_formula_fallback_uses_sanitized_text_not_raw_style_segments PASSED [ 41%]
backend/tests/unit/test_editable_pptx_equations.py::test_editable_export_renders_latex_text_content_as_native_omml PASSED [ 42%]
backend/tests/unit/test_editable_pptx_equations.py::test_editable_export_prefers_latex_text_segments_for_formula_source PASSED [ 42%]
backend/tests/unit/test_editable_pptx_equations.py::test_equation_metadata_without_latex_content_stays_plain_text PASSED [ 42%]
backend/tests/unit/test_editable_pptx_style_extraction.py::test_hybrid_style_extraction_fails_fast_when_provider_has_no_image_input PASSED [ 42%]
backend/tests/unit/test_editable_pptx_style_extraction.py::test_hybrid_style_extraction_reports_missing_global_results_when_not_fail_fast PASSED [ 42%]
backend/tests/unit/test_editable_pptx_style_extraction.py::test_hybrid_style_extraction_filters_null_global_results PASSED [ 42%]
backend/tests/unit/test_editable_pptx_style_extraction.py::test_hybrid_style_extraction_retries_non_dict_global_results PASSED [ 42%]
backend/tests/unit/test_editable_pptx_style_extraction.py::test_hybrid_style_extraction_reports_only_missing_global_results PASSED [ 43%]
backend/tests/unit/test_editable_pptx_style_extraction.py::test_hybrid_style_extraction_preserves_best_partial_global_results_after_later_errors PASSED [ 43%]
backend/tests/unit/test_editable_pptx_style_extraction.py::test_hybrid_style_extraction_keeps_last_error_when_no_global_results PASSED [ 43%]
backend/tests/unit/test_editable_pptx_style_extraction.py::test_hybrid_style_extraction_merges_partial_global_results_across_retries PASSED [ 43%]
backend/tests/unit/test_editable_pptx_style_extraction.py::test_hybrid_style_extraction_retries_missing_global_results_before_success PASSED [ 43%]
backend/tests/unit/test_editable_pptx_style_extraction.py::test_hybrid_style_extraction_fails_after_global_result_retries_are_exhausted PASSED [ 43%]
backend/tests/unit/test_editable_pptx_style_extraction.py::test_style_extraction_error_includes_safe_provider_context PASSED [ 43%]
backend/tests/unit/test_editable_pptx_style_extraction.py::test_unexpected_export_error_preserves_stage_and_classifies_rate_limit PASSED [ 43%]
backend/tests/unit/test_editable_pptx_style_extraction.py::test_unexpected_export_error_classifies_missing_provider_configuration PASSED [ 44%]
backend/tests/unit/test_editable_pptx_style_extraction.py::test_text_render_error_is_structured_and_redacts_credentials PASSED [ 44%]
backend/tests/unit/test_editable_pptx_style_extraction.py::test_mineru_extractor_finds_results_under_configured_upload_folder PASSED [ 44%]
backend/tests/unit/test_export_files_api.py::test_delete_export_removes_file_from_disk PASSED [ 44%]
backend/tests/unit/test_export_files_api.py::test_delete_export_rejects_path_traversal PASSED [ 44%]
backend/tests/unit/test_export_files_api.py::test_delete_export_missing_file_returns_404 PASSED [ 44%]
backend/tests/unit/test_export_files_api.py::test_export_root_rejects_project_id_escape PASSED [ 44%]
backend/tests/unit/test_file_parser_service.py::test_poll_result_returns_mineru_credential_errors_without_retrying[401] PASSED [ 45%]
backend/tests/unit/test_file_parser_service.py::test_poll_result_returns_mineru_credential_errors_without_retrying[403] PASSED [ 45%]
backend/tests/unit/test_file_parser_service.py::test_generate_single_caption_uses_provider_factory PASSED [ 45%]
backend/tests/unit/test_file_parser_service.py::test_can_generate_captions_returns_false_when_factory_fails PASSED [ 45%]
backend/tests/unit/test_file_parser_service.py::test_can_generate_captions_returns_true_when_factory_succeeds PASSED [ 45%]
backend/tests/unit/test_file_parser_service.py::test_generate_single_caption_vertex_uses_provider_factory PASSED [ 45%]
backend/tests/unit/test_file_parser_service.py::test_generate_single_caption_rejects_remote_urls[http://127.0.0.1/latest/meta-data/] PASSED [ 45%]
backend/tests/unit/test_file_parser_service.py::test_generate_single_caption_rejects_remote_urls[https://169.254.169.254/latest/meta-data/] PASSED [ 46%]
backend/tests/unit/test_file_parser_service.py::test_enhance_markdown_only_captions_local_mineru_images PASSED [ 46%]
backend/tests/unit/test_file_parser_service.py::test_download_markdown_uses_flask_upload_folder_for_mineru_results PASSED [ 46%]
backend/tests/unit/test_file_parser_service.py::test_download_markdown_resolves_flask_upload_folder_at_runtime PASSED [ 46%]
backend/tests/unit/test_file_parser_service.py::test_extract_header_footer_reads_layout_from_flask_upload_folder PASSED [ 46%]
backend/tests/unit/test_file_parser_service.py::test_extract_header_footer_returns_empty_for_missing_extract_id PASSED [ 46%]
backend/tests/unit/test_file_parser_service.py::test_relative_upload_folder_cannot_escape_project_root PASSED [ 46%]
backend/tests/unit/test_file_parser_service.py::test_resolve_upload_folder_uses_env_when_flask_import_is_unavailable PASSED [ 46%]
backend/tests/unit/test_file_parser_service.py::test_resolve_upload_folder_ignores_invalid_flask_config PASSED [ 47%]
backend/tests/unit/test_file_parser_service.py::test_extract_header_footer_rejects_extract_id_traversal PASSED [ 47%]
backend/tests/unit/test_icon_subject_extraction.py::TestShouldExtractSubject::test_circle_icon_returns_true PASSED [ 47%]
backend/tests/unit/test_icon_subject_extraction.py::TestShouldExtractSubject::test_star_icon_returns_true PASSED [ 47%]
backend/tests/unit/test_icon_subject_extraction.py::TestShouldExtractSubject::test_full_photo_filling_roi_returns_none PASSED [ 47%]
backend/tests/unit/test_icon_subject_extraction.py::TestShouldExtractSubject::test_roi_touching_page_edge_returns_none PASSED [ 47%]
backend/tests/unit/test_icon_subject_extraction.py::TestShouldExtractSubject::test_tiny_roi_returns_none PASSED [ 47%]
backend/tests/unit/test_icon_subject_extraction.py::TestShouldExtractSubject::test_roi_completely_filled_with_bg_color_returns_none PASSED [ 48%]
backend/tests/unit/test_icon_subject_extraction.py::TestShouldExtractSubject::test_empty_image_returns_none PASSED [ 48%]
backend/tests/unit/test_icon_subject_extraction.py::TestShouldExtractSubject::test_rect_subject_with_small_padding_returns_false PASSED [ 48%]
backend/tests/unit/test_icon_subject_extraction.py::TestRmbgSegmentationProvider::test_extract_subject_returns_rgba_with_input_size PASSED [ 48%]
backend/tests/unit/test_icon_subject_extraction.py::TestRmbgSegmentationProvider::test_extract_subject_takes_last_output_when_multi PASSED [ 48%]
backend/tests/unit/test_icon_subject_extraction.py::TestRmbgSegmentationProvider::test_extract_subject_applies_sigmoid_when_out_of_range PASSED [ 48%]
backend/tests/unit/test_icon_subject_extraction.py::TestRmbgSegmentationProvider::test_extract_subject_returns_none_on_inference_error PASSED [ 48%]
backend/tests/unit/test_icon_subject_extraction.py::TestRmbgSegmentationProvider::test_extract_subject_downloads_model_when_missing PASSED [ 48%]
backend/tests/unit/test_icon_subject_extraction.py::TestBBoxExpand::test_expand_inside_bounds PASSED [ 49%]
backend/tests/unit/test_icon_subject_extraction.py::TestBBoxExpand::test_expand_clamps_to_zero PASSED [ 49%]
backend/tests/unit/test_icon_subject_extraction.py::TestBBoxExpand::test_expand_clamps_to_max PASSED [ 49%]
backend/tests/unit/test_icon_subject_extraction.py::TestBBoxExpand::test_expand_zero_is_noop PASSED [ 49%]
backend/tests/unit/test_icon_subject_extraction.py::TestRmbgFactory::test_factory_returns_singleton PASSED [ 49%]
backend/tests/unit/test_image_prompt_ratio.py::TestImagePromptAspectRatio::test_default_ratio_is_16_9 PASSED [ 49%]
backend/tests/unit/test_image_prompt_ratio.py::TestImagePromptAspectRatio::test_custom_ratio_4_3 PASSED [ 49%]
backend/tests/unit/test_image_prompt_ratio.py::TestImagePromptAspectRatio::test_custom_ratio_1_1 PASSED [ 50%]
backend/tests/unit/test_image_quality_control.py::test_quality_review_uses_jpeg_temp_image_and_handles_alpha PASSED [ 50%]
backend/tests/unit/test_image_quality_control.py::test_quality_review_uses_absolute_page_index_for_partial_generation PASSED [ 50%]
backend/tests/unit/test_image_quality_control.py::test_quality_review_failure_formats_string_issues_as_one_issue PASSED [ 50%]
backend/tests/unit/test_image_quality_control.py::test_settings_api_persists_and_resets_image_quality_control PASSED [ 50%]
backend/tests/unit/test_image_quality_control.py::test_image_quality_control_retries_until_review_passes PASSED [ 50%]
backend/tests/unit/test_image_quality_control.py::test_image_quality_control_fails_without_returning_unreviewed_image PASSED [ 50%]
backend/tests/unit/test_image_quality_control.py::test_image_quality_control_reports_latest_generation_error PASSED [ 51%]
backend/tests/unit/test_image_quality_control.py::test_image_quality_control_disabled_keeps_current_single_attempt_behavior PASSED [ 51%]
backend/tests/unit/test_image_quality_control.py::test_quality_review_string_false_is_not_treated_as_pass PASSED [ 51%]
backend/tests/unit/test_image_quality_control.py::test_quality_review_accepts_list_wrapped_numeric_passed PASSED [ 51%]
backend/tests/unit/test_image_quality_control.py::test_quality_review_prompt_uses_generation_prompt_without_duplicate_context PASSED [ 51%]
backend/tests/unit/test_image_quality_control.py::test_quality_review_prompt_preserves_zero_page_index PASSED [ 51%]
backend/tests/unit/test_inferera_domain_defaults.py::test_config_openai_api_base_defaults_to_inferera PASSED [ 51%]
backend/tests/unit/test_inferera_domain_defaults.py::test_openai_provider_fallbacks_use_inferera PASSED [ 51%]
backend/tests/unit/test_lazyllm_config_fallback.py::test_lazyllm_image_source_falls_back_to_capable_vendor PASSED [ 52%]
backend/tests/unit/test_lazyllm_config_fallback.py::test_lazyllm_image_source_keeps_capable_vendor PASSED [ 52%]
backend/tests/unit/test_lazyllm_config_fallback.py::test_lazyllm_image_source_setting_takes_priority PASSED [ 52%]
backend/tests/unit/test_lazyllm_image_content_type.py::TestLazyLLMContentTypeFallback::test_fallback_on_content_type_error PASSED [ 52%]
backend/tests/unit/test_lazyllm_image_content_type.py::TestLazyLLMContentTypeFallback::test_untrusted_host_is_not_fetched PASSED [ 52%]
backend/tests/unit/test_lazyllm_image_content_type.py::TestLazyLLMContentTypeFallback::test_non_content_type_error_is_reraised PASSED [ 52%]
backend/tests/unit/test_lazyllm_image_content_type.py::TestLazyLLMContentTypeFallback::test_ssrf_bypass_attempts_are_rejected[https://127.0.0.1:6666\\@s3.siliconflow.cn/x.png] PASSED [ 52%]
backend/tests/unit/test_lazyllm_image_content_type.py::TestLazyLLMContentTypeFallback::test_ssrf_bypass_attempts_are_rejected[https://s3.siliconflow.cn@127.0.0.1/x.png] PASSED [ 53%]
backend/tests/unit/test_lazyllm_image_content_type.py::TestLazyLLMContentTypeFallback::test_ssrf_bypass_attempts_are_rejected[https://user:pass@s3.siliconflow.cn/x.png] PASSED [ 53%]
backend/tests/unit/test_lazyllm_image_content_type.py::TestLazyLLMContentTypeFallback::test_ssrf_bypass_attempts_are_rejected[https://s3.siliconflow.cn.evil.example/x.png] PASSED [ 53%]
backend/tests/unit/test_lazyllm_image_content_type.py::TestLazyLLMContentTypeFallback::test_ssrf_bypass_attempts_are_rejected[https://evil.s3.amazonaws.com.attacker.io/x.png] PASSED [ 53%]
backend/tests/unit/test_lazyllm_image_content_type.py::TestLazyLLMContentTypeFallback::test_ssrf_bypass_attempts_are_rejected[http://s3.siliconflow.cn/x.png] PASSED [ 53%]
backend/tests/unit/test_lazyllm_image_content_type.py::TestLazyLLMContentTypeFallback::test_ssrf_bypass_attempts_are_rejected[file:///etc/passwd] PASSED [ 53%]
backend/tests/unit/test_lazyllm_image_content_type.py::TestLazyLLMContentTypeFallback::test_ssrf_bypass_attempts_are_rejected[https://127.0.0.1/x.png] PASSED [ 53%]
backend/tests/unit/test_lazyllm_image_content_type.py::TestLazyLLMContentTypeFallback::test_ssrf_bypass_attempts_are_rejected[https://169.254.169.254/latest/meta-data/] PASSED [ 53%]
backend/tests/unit/test_lazyllm_image_content_type.py::TestIsSafeFallbackUrl::test_allowlisted_urls_accepted[https://s3.siliconflow.cn/bucket/img.png] PASSED [ 54%]
backend/tests/unit/test_lazyllm_image_content_type.py::TestIsSafeFallbackUrl::test_allowlisted_urls_accepted[https://s3.siliconflow.cn/bucket/img.png?X-Amz-Signature=abc] PASSED [ 54%]
backend/tests/unit/test_lazyllm_image_content_type.py::TestIsSafeFallbackUrl::test_allowlisted_urls_accepted[https://foo.s3.amazonaws.com/bucket/img.png] PASSED [ 54%]
backend/tests/unit/test_lazyllm_image_content_type.py::TestIsSafeFallbackUrl::test_allowlisted_urls_accepted[https://my-bucket.s3.amazonaws.com/path/to/image.jpg?v=1] PASSED [ 54%]
backend/tests/unit/test_lazyllm_image_content_type.py::TestIsSafeFallbackUrl::test_reported_ssrf_bypass_regression PASSED [ 54%]
backend/tests/unit/test_lazyllm_image_content_type.py::TestIsSafeFallbackUrl::test_attack_payloads_rejected[https://127.0.0.1:6666\\@s3.siliconflow.cn] PASSED [ 54%]
backend/tests/unit/test_lazyllm_image_content_type.py::TestIsSafeFallbackUrl::test_attack_payloads_rejected[https://evil.com\\@s3.siliconflow.cn/img.png] PASSED [ 54%]
backend/tests/unit/test_lazyllm_image_content_type.py::TestIsSafeFallbackUrl::test_attack_payloads_rejected[https://s3.siliconflow.cn@127.0.0.1/x.png] PASSED [ 55%]
backend/tests/unit/test_lazyllm_image_content_type.py::TestIsSafeFallbackUrl::test_attack_payloads_rejected[https://user:pass@s3.siliconflow.cn/x.png] PASSED [ 55%]
backend/tests/unit/test_lazyllm_image_content_type.py::TestIsSafeFallbackUrl::test_attack_payloads_rejected[https://s3.siliconflow.cn.attacker.io/x.png] PASSED [ 55%]
backend/tests/unit/test_lazyllm_image_content_type.py::TestIsSafeFallbackUrl::test_attack_payloads_rejected[https://evil.s3.amazonaws.com.attacker.io/x.png] PASSED [ 55%]
backend/tests/unit/test_lazyllm_image_content_type.py::TestIsSafeFallbackUrl::test_attack_payloads_rejected[https://s3.amazonaws.com/x.png] PASSED [ 55%]
backend/tests/unit/test_lazyllm_image_content_type.py::TestIsSafeFallbackUrl::test_attack_payloads_rejected[http://s3.siliconflow.cn/x.png] PASSED [ 55%]
backend/tests/unit/test_lazyllm_image_content_type.py::TestIsSafeFallbackUrl::test_attack_payloads_rejected[file:///etc/passwd] PASSED [ 55%]
backend/tests/unit/test_lazyllm_image_content_type.py::TestIsSafeFallbackUrl::test_attack_payloads_rejected[ftp://s3.siliconflow.cn/x.png] PASSED [ 56%]
backend/tests/unit/test_lazyllm_image_content_type.py::TestIsSafeFallbackUrl::test_attack_payloads_rejected[https://127.0.0.1/x.png] PASSED [ 56%]
backend/tests/unit/test_lazyllm_image_content_type.py::TestIsSafeFallbackUrl::test_attack_payloads_rejected[https://localhost/x.png] PASSED [ 56%]
backend/tests/unit/test_lazyllm_image_content_type.py::TestIsSafeFallbackUrl::test_attack_payloads_rejected[https://169.254.169.254/latest/meta-data/] PASSED [ 56%]
backend/tests/unit/test_lazyllm_image_content_type.py::TestIsSafeFallbackUrl::test_attack_payloads_rejected[] PASSED [ 56%]
backend/tests/unit/test_lazyllm_image_content_type.py::TestIsSafeFallbackUrl::test_attack_payloads_rejected[not-a-url] PASSED [ 56%]
backend/tests/unit/test_lazyllm_image_content_type.py::TestIsSafeFallbackUrl::test_attack_payloads_rejected[None] PASSED [ 56%]
backend/tests/unit/test_lazyllm_image_content_type.py::TestLazyLLMReferenceImageConstraints::test_qwen_reference_image_is_upscaled_to_min_dimensions PASSED [ 56%]
backend/tests/unit/test_lazyllm_image_content_type.py::TestLazyLLMReferenceImageConstraints::test_vendor_without_min_dimensions_keeps_original_reference PASSED [ 57%]
backend/tests/unit/test_lazyllm_seedream5_patch.py::TestSeedream5GuidanceScalePatch::test_seedream5_removes_guidance_scale PASSED [ 57%]
backend/tests/unit/test_lazyllm_seedream5_patch.py::TestSeedream5GuidanceScalePatch::test_seedream4_preserves_guidance_scale PASSED [ 57%]
backend/tests/unit/test_lazyllm_seedream5_patch.py::TestSeedream5GuidanceScalePatch::test_patch_idempotency PASSED [ 57%]
backend/tests/unit/test_lazyllm_seedream5_patch.py::TestSeedream5GuidanceScalePatch::test_conditional_removal_based_on_runtime_model PASSED [ 57%]
backend/tests/unit/test_lazyllm_suppliers.py::test_ensure_suppliers_registers_every_vendor PASSED [ 57%]
backend/tests/unit/test_lazyllm_suppliers.py::test_known_chat_sources_resolve PASSED [ 57%]
backend/tests/unit/test_lazyllm_suppliers.py::test_image_editing_sources_resolve PASSED [ 58%]
backend/tests/unit/test_lazyllm_suppliers.py::test_unknown_source_raises_descriptive_error PASSED [ 58%]
backend/tests/unit/test_lazyllm_suppliers.py::test_empty_registry_raises_diagnostic_error PASSED [ 58%]
backend/tests/unit/test_lazyllm_suppliers.py::test_resolve_suffix_fallback_with_plain_dict PASSED [ 58%]
backend/tests/unit/test_lazyllm_suppliers.py::test_frozen_supplier_discovery_failure_is_recoverable PASSED [ 58%]
backend/tests/unit/test_lazyllm_vlm_only_model.py::TestLazyLLMVLMOnlyModel::test_llm_model_initializes_with_llm_type PASSED [ 58%]
backend/tests/unit/test_lazyllm_vlm_only_model.py::TestLazyLLMVLMOnlyModel::test_vlm_model_detected_as_vlm_only PASSED [ 58%]
backend/tests/unit/test_lazyllm_vlm_only_model.py::TestLazyLLMVLMOnlyModel::test_vlm_only_generate_with_image_reuses_client PASSED [ 58%]
backend/tests/unit/test_lazyllm_vlm_only_model.py::TestLazyLLMVLMOnlyModel::test_normal_model_generate_with_image_creates_vlm_client PASSED [ 59%]
backend/tests/unit/test_lazyllm_vlm_only_model.py::TestLazyLLMVLMOnlyModel::test_ai_service_init_succeeds_with_vlm_caption_model PASSED [ 59%]
backend/tests/unit/test_material_process.py::test_blend_region_into_source_changes_only_selected_area PASSED [ 59%]
backend/tests/unit/test_material_process.py::test_aspect_ratio_from_size_maps_to_supported_ratio PASSED [ 59%]
backend/tests/unit/test_material_process.py::test_process_material_requires_source_for_region_edit PASSED [ 59%]
backend/tests/unit/test_material_process.py::test_process_material_region_edit_enqueues_task PASSED [ 59%]
backend/tests/unit/test_mineru_path_utils.py::test_convert_mineru_path_blocks_traversal PASSED [ 59%]
backend/tests/unit/test_mineru_path_utils.py::test_find_mineru_file_allows_valid_file PASSED [ 60%]
backend/tests/unit/test_mineru_path_utils.py::test_find_mineru_file_uses_explicit_upload_folder PASSED [ 60%]
backend/tests/unit/test_mineru_path_utils.py::test_convert_mineru_path_uses_upload_folder_env PASSED [ 60%]
backend/tests/unit/test_mineru_path_utils.py::test_convert_mineru_path_strips_leading_slashes PASSED [ 60%]
backend/tests/unit/test_mineru_path_utils.py::test_find_mineru_file_blocks_symlink_escape PASSED [ 60%]
backend/tests/unit/test_openai_image_multi_reference.py::test_gpt_image_forwards_template_and_material_references_in_order PASSED [ 60%]
backend/tests/unit/test_openai_image_multi_reference.py::test_gpt_image_keeps_single_reference_proxy_compatible PASSED [ 60%]
backend/tests/unit/test_openai_image_multi_reference.py::test_gpt_image_accepts_palette_mode_reference PASSED [ 60%]
backend/tests/unit/test_openai_image_multi_reference.py::test_forced_images_protocol_preserves_refs_for_custom_proxy_model PASSED [ 61%]
backend/tests/unit/test_openai_image_multi_reference.py::test_invalid_edit_size_falls_back_to_square[auto] PASSED [ 61%]
backend/tests/unit/test_openai_image_multi_reference.py::test_invalid_edit_size_falls_back_to_square[None] PASSED [ 61%]
backend/tests/unit/test_openai_image_multi_reference.py::test_invalid_edit_size_falls_back_to_square[0x1024] PASSED [ 61%]
backend/tests/unit/test_openai_image_multi_reference.py::test_invalid_edit_size_falls_back_to_square[-10x1024] PASSED [ 61%]
backend/tests/unit/test_openai_image_multi_reference.py::test_gpt_image_rejects_more_than_sixteen_references PASSED [ 61%]
backend/tests/unit/test_openai_image_multi_reference.py::test_dall_e_2_keeps_documented_single_reference_limit PASSED [ 61%]
backend/tests/unit/test_openai_image_proxy_compat.py::TestDecodeImageResponse::test_standard_object_b64 PASSED [ 62%]
backend/tests/unit/test_openai_image_proxy_compat.py::TestDecodeImageResponse::test_standard_object_url PASSED [ 62%]
backend/tests/unit/test_openai_image_proxy_compat.py::TestDecodeImageResponse::test_dict_b64 PASSED [ 62%]
backend/tests/unit/test_openai_image_proxy_compat.py::TestDecodeImageResponse::test_dict_url PASSED [ 62%]
backend/tests/unit/test_openai_image_proxy_compat.py::TestDecodeImageResponse::test_raw_base64_string PASSED [ 62%]
backend/tests/unit/test_openai_image_proxy_compat.py::TestDecodeImageResponse::test_data_url_string PASSED [ 62%]
backend/tests/unit/test_openai_image_proxy_compat.py::TestExtractFromImagesResult::test_standard_images_response PASSED [ 62%]
backend/tests/unit/test_openai_image_proxy_compat.py::TestExtractFromImagesResult::test_result_is_raw_string_base64 PASSED [ 63%]
backend/tests/unit/test_openai_image_proxy_compat.py::TestExtractFromImagesResult::test_result_is_raw_string_url PASSED [ 63%]
backend/tests/unit/test_openai_image_proxy_compat.py::TestExtractFromImagesResult::test_result_is_dict_with_data_list PASSED [ 63%]
backend/tests/unit/test_openai_image_proxy_compat.py::TestExtractFromImagesResult::test_result_is_flat_dict_b64 PASSED [ 63%]
backend/tests/unit/test_openai_image_proxy_compat.py::TestExtractFromImagesResult::test_result_is_flat_dict_url PASSED [ 63%]
backend/tests/unit/test_openai_image_proxy_compat.py::TestExtractFromImagesResult::test_result_data_is_empty_list_falls_through PASSED [ 63%]
backend/tests/unit/test_openai_image_proxy_compat.py::TestExtractFromImagesResult::test_unsupported_type_raises PASSED [ 63%]
backend/tests/unit/test_openai_image_seedream_size.py::test_seedream_lite_uses_official_presets[2K-1:1-2048x2048] PASSED [ 63%]
backend/tests/unit/test_openai_image_seedream_size.py::test_seedream_lite_uses_official_presets[2K-4:3-2304x1728] PASSED [ 64%]
backend/tests/unit/test_openai_image_seedream_size.py::test_seedream_lite_uses_official_presets[2K-3:4-1728x2304] PASSED [ 64%]
backend/tests/unit/test_openai_image_seedream_size.py::test_seedream_lite_uses_official_presets[2K-16:9-2848x1600] PASSED [ 64%]
backend/tests/unit/test_openai_image_seedream_size.py::test_seedream_lite_uses_official_presets[2K-9:16-1600x2848] PASSED [ 64%]
backend/tests/unit/test_openai_image_seedream_size.py::test_seedream_lite_uses_official_presets[2K-3:2-2496x1664] PASSED [ 64%]
backend/tests/unit/test_openai_image_seedream_size.py::test_seedream_lite_uses_official_presets[2K-2:3-1664x2496] PASSED [ 64%]
backend/tests/unit/test_openai_image_seedream_size.py::test_seedream_lite_uses_official_presets[2K-21:9-3136x1344] PASSED [ 64%]
backend/tests/unit/test_openai_image_seedream_size.py::test_seedream_lite_uses_official_presets[3K-1:1-3072x3072] PASSED [ 65%]
backend/tests/unit/test_openai_image_seedream_size.py::test_seedream_lite_uses_official_presets[3K-16:9-4096x2304] PASSED [ 65%]
backend/tests/unit/test_openai_image_seedream_size.py::test_seedream_lite_uses_official_presets[4K-16:9-5504x3040] PASSED [ 65%]
backend/tests/unit/test_openai_image_seedream_size.py::test_seedream_lite_uses_official_presets[4K-21:9-6240x2656] PASSED [ 65%]
backend/tests/unit/test_openai_image_seedream_size.py::test_seedream_lite_all_official_presets_within_pixel_range[2K] PASSED [ 65%]
backend/tests/unit/test_openai_image_seedream_size.py::test_seedream_lite_all_official_presets_within_pixel_range[3K] PASSED [ 65%]
backend/tests/unit/test_openai_image_seedream_size.py::test_seedream_lite_all_official_presets_within_pixel_range[4K] PASSED [ 65%]
backend/tests/unit/test_openai_image_seedream_size.py::test_seedream_lite_default_16x9_2k_meets_minimum_pixels PASSED [ 65%]
backend/tests/unit/test_openai_image_seedream_size.py::test_seedream_lite_1k_falls_back_to_2k_presets PASSED [ 66%]
backend/tests/unit/test_openai_image_seedream_size.py::test_seedream_lite_unlisted_ratio_scaled_to_minimum_pixels PASSED [ 66%]
backend/tests/unit/test_openai_image_seedream_size.py::test_seedream_lite_extreme_ratio_stays_within_aspect_range PASSED [ 66%]
backend/tests/unit/test_openai_image_seedream_size.py::test_seedream_pro_4k_request_capped_to_2k_tier PASSED [ 66%]
backend/tests/unit/test_openai_image_seedream_size.py::test_seedream_40_1k_stays_within_its_larger_range PASSED [ 66%]
backend/tests/unit/test_openai_image_seedream_size.py::test_non_seedream_models_keep_gpt_sizing PASSED [ 66%]
backend/tests/unit/test_openai_image_seedream_size.py::test_generate_image_sends_seedream_valid_size PASSED [ 66%]
backend/tests/unit/test_openai_image_seedream_size.py::test_scale_helper_enlarges_with_ceil_rounding PASSED [ 67%]
backend/tests/unit/test_openai_image_seedream_size.py::test_scale_helper_shrinks_with_floor_rounding PASSED [ 67%]
backend/tests/unit/test_openai_image_seedream_size.py::test_scale_helper_returns_auto_for_invalid_input PASSED [ 67%]
backend/tests/unit/test_openai_oauth_controller.py::test_failed_auto_callback_keeps_state_for_manual_retry PASSED [ 67%]
backend/tests/unit/test_openai_oauth_controller.py::test_store_failure_rolls_back_and_keeps_state PASSED [ 67%]
backend/tests/unit/test_openai_oauth_controller.py::test_token_exchange_error_includes_openai_detail_and_keeps_state PASSED [ 67%]
backend/tests/unit/test_openai_oauth_controller.py::test_token_exchange_requires_access_token_and_keeps_state PASSED [ 67%]
backend/tests/unit/test_openai_oauth_controller.py::test_token_exchange_rejects_non_object_response_and_keeps_state PASSED [ 68%]
backend/tests/unit/test_openai_oauth_controller.py::test_token_exchange_uses_raw_error_text_when_error_shape_is_unknown PASSED [ 68%]
backend/tests/unit/test_openai_oauth_controller.py::test_token_exchange_uses_raw_error_text_when_error_json_raises PASSED [ 68%]
backend/tests/unit/test_openai_oauth_controller.py::test_invalid_expires_in_falls_back_to_default PASSED [ 68%]
backend/tests/unit/test_openai_oauth_controller.py::test_parse_expires_in_is_defensive[ 7200.9 -7200] PASSED [ 68%]
backend/tests/unit/test_openai_oauth_controller.py::test_parse_expires_in_is_defensive[not-a-number-3600] PASSED [ 68%]
backend/tests/unit/test_openai_oauth_controller.py::test_parse_expires_in_is_defensive[0-3600] PASSED [ 68%]
backend/tests/unit/test_openai_oauth_controller.py::test_parse_expires_in_is_defensive[-1-3600] PASSED [ 68%]
backend/tests/unit/test_openai_oauth_controller.py::test_parse_expires_in_is_defensive[1000000000000-2592000] PASSED [ 69%]
backend/tests/unit/test_pdf_image_service.py::test_pdf_to_page_images_renders_each_page PASSED [ 69%]
backend/tests/unit/test_pdf_image_service.py::test_pdf_to_page_images_rejects_too_many_pages PASSED [ 69%]
backend/tests/unit/test_pdf_image_service.py::test_count_pdf_pages PASSED [ 69%]
backend/tests/unit/test_pdf_image_service.py::test_count_pdf_pages_returns_none_for_invalid PASSED [ 69%]
backend/tests/unit/test_pptx_transitions.py::test_create_pptx_from_images_adds_selected_transition_effects PASSED [ 69%]
backend/tests/unit/test_pptx_transitions.py::test_create_pptx_from_images_maps_page_turn_to_cover PASSED [ 69%]
backend/tests/unit/test_pptx_transitions.py::test_create_pptx_from_images_omits_transition_when_disabled PASSED [ 70%]
backend/tests/unit/test_reference_file_material_import.py::test_associate_completed_reference_file_imports_mineru_images_to_project_materials PASSED [ 70%]
backend/tests/unit/test_reference_file_material_import.py::test_associate_imports_if_parsing_completes_during_refresh PASSED [ 70%]
backend/tests/unit/test_reference_file_material_import.py::test_associate_succeeds_if_material_import_fails PASSED [ 70%]
backend/tests/unit/test_reference_file_material_import.py::test_import_reference_markdown_images_handles_mineru_prefix_paths PASSED [ 70%]
backend/tests/unit/test_reference_file_material_import.py::test_import_reference_markdown_images_deduplicates_repeated_urls PASSED [ 70%]
backend/tests/unit/test_reference_file_material_import.py::test_import_reference_markdown_images_deduplicates_per_project PASSED [ 70%]
backend/tests/unit/test_reference_file_material_import.py::test_import_reference_markdown_images_handles_parentheses_in_urls PASSED [ 70%]
backend/tests/unit/test_reference_file_material_import.py::test_import_reference_markdown_images_strips_caption_html PASSED [ 71%]
backend/tests/unit/test_reference_file_material_import.py::test_import_reference_markdown_images_decodes_urls_and_truncates_caption PASSED [ 71%]
backend/tests/unit/test_reference_file_material_import.py::test_import_reference_markdown_images_strips_query_and_fragment PASSED [ 71%]
backend/tests/unit/test_reference_file_material_import.py::test_resolve_local_mineru_image_rejects_traversal PASSED [ 71%]
backend/tests/unit/test_reference_file_material_import.py::test_import_reference_markdown_images_rejects_encoded_traversal PASSED [ 71%]
backend/tests/unit/test_reference_file_material_import.py::test_resolve_local_mineru_image_returns_none_when_parent_missing PASSED [ 71%]
backend/tests/unit/test_renovation_filename.py::TestRenovationFilename::test_chinese_filename_saved_as_original_pdf PASSED [ 71%]
backend/tests/unit/test_renovation_filename.py::TestRenovationFilename::test_task_manager_can_discover_pdf PASSED [ 72%]
backend/tests/unit/test_renovation_filename.py::TestRenovationFilename::test_ascii_filename_also_works PASSED [ 72%]
backend/tests/unit/test_renovation_task_parser_errors.py::test_renovation_marks_mineru_parser_credential_error_as_failed PASSED [ 72%]
backend/tests/unit/test_resolve_page_template.py::test_resolve_priority_1_page_asset_wins PASSED [ 72%]
backend/tests/unit/test_resolve_page_template.py::test_resolve_priority_2_page_style_only_when_no_asset PASSED [ 72%]
backend/tests/unit/test_resolve_page_template.py::test_resolve_priority_3_project_image_fallback PASSED [ 72%]
backend/tests/unit/test_resolve_page_template.py::test_resolve_no_template_at_all PASSED [ 72%]
backend/tests/unit/test_resolve_page_template.py::test_single_page_generation_accepts_bound_multi_template PASSED [ 73%]
backend/tests/unit/test_resolve_page_template.py::test_single_page_generation_rejects_disabled_image_only_template PASSED [ 73%]
backend/tests/unit/test_resolve_page_template.py::test_single_page_generation_rejects_missing_bound_template_file PASSED [ 73%]
backend/tests/unit/test_resolve_page_template.py::test_single_page_task_fails_if_template_disappears_after_submission PASSED [ 73%]
backend/tests/unit/test_resolve_page_template.py::test_image_prompt_includes_page_style_block PASSED [ 73%]
backend/tests/unit/test_sensenova_image_provider.py::test_sensenova_generation_uses_json_images_api PASSED [ 73%]
backend/tests/unit/test_sensenova_image_provider.py::test_sensenova_edit_uses_json_image_urls PASSED [ 73%]
backend/tests/unit/test_sensenova_image_provider.py::test_sensenova_api_error_keeps_diagnostic_message PASSED [ 73%]
backend/tests/unit/test_sensenova_image_provider.py::test_sensenova_retries_transient_http_error PASSED [ 74%]
backend/tests/unit/test_sensenova_image_provider.py::test_sensenova_u15_lite_resolution_uses_supported_size[1:1-2048x2048] PASSED [ 74%]
backend/tests/unit/test_sensenova_image_provider.py::test_sensenova_u15_lite_resolution_uses_supported_size[16:9-2048x1152] PASSED [ 74%]
backend/tests/unit/test_sensenova_image_provider.py::test_sensenova_u15_lite_resolution_uses_supported_size[9:16-1152x2048] PASSED [ 74%]
backend/tests/unit/test_sensenova_image_provider.py::test_sensenova_u15_lite_resolution_uses_supported_size[3:2-2048x1376] PASSED [ 74%]
backend/tests/unit/test_sensenova_image_provider.py::test_sensenova_u15_lite_resolution_uses_supported_size[2:3-1376x2048] PASSED [ 74%]
backend/tests/unit/test_sensenova_image_provider.py::test_sensenova_u15_lite_resolution_uses_supported_size[4:3-2048x1536] PASSED [ 74%]
backend/tests/unit/test_sensenova_image_provider.py::test_sensenova_u15_lite_resolution_uses_supported_size[3:4-1536x2048] PASSED [ 75%]
backend/tests/unit/test_sensenova_image_provider.py::test_sensenova_u15_lite_resolution_uses_supported_size[4:5-1632x2048] PASSED [ 75%]
backend/tests/unit/test_sensenova_image_provider.py::test_sensenova_u15_lite_resolution_uses_supported_size[5:4-2048x1632] PASSED [ 75%]
backend/tests/unit/test_sensenova_image_provider.py::test_sensenova_u15_lite_resolution_uses_supported_size[21:9-2048x864] PASSED [ 75%]
backend/tests/unit/test_sensenova_image_provider.py::test_sensenova_u15_lite_resolution_uses_supported_size[9:21-864x2048] PASSED [ 75%]
backend/tests/unit/test_sensenova_image_provider.py::test_sensenova_u15_lite_4k_stays_within_api_bounds PASSED [ 75%]
backend/tests/unit/test_sensenova_image_provider.py::test_sensenova_u1_fast_uses_fixed_size_presets[1:1-2048x2048] PASSED [ 75%]
backend/tests/unit/test_sensenova_image_provider.py::test_sensenova_u1_fast_uses_fixed_size_presets[16:9-2752x1536] PASSED [ 75%]
backend/tests/unit/test_sensenova_image_provider.py::test_sensenova_u1_fast_uses_fixed_size_presets[9:16-1536x2752] PASSED [ 76%]
backend/tests/unit/test_sensenova_image_provider.py::test_sensenova_u1_fast_uses_fixed_size_presets[2:3-1664x2496] PASSED [ 76%]
backend/tests/unit/test_sensenova_image_provider.py::test_sensenova_u1_fast_uses_fixed_size_presets[3:2-2496x1664] PASSED [ 76%]
backend/tests/unit/test_sensenova_image_provider.py::test_sensenova_u1_fast_uses_fixed_size_presets[3:4-1760x2368] PASSED [ 76%]
backend/tests/unit/test_sensenova_image_provider.py::test_sensenova_u1_fast_uses_fixed_size_presets[4:3-2368x1760] PASSED [ 76%]
backend/tests/unit/test_sensenova_image_provider.py::test_sensenova_u1_fast_uses_fixed_size_presets[4:5-1824x2272] PASSED [ 76%]
backend/tests/unit/test_sensenova_image_provider.py::test_sensenova_u1_fast_uses_fixed_size_presets[5:4-2272x1824] PASSED [ 76%]
backend/tests/unit/test_sensenova_image_provider.py::test_sensenova_u1_fast_uses_fixed_size_presets[21:9-3072x1376] PASSED [ 77%]
backend/tests/unit/test_sensenova_image_provider.py::test_sensenova_u1_fast_uses_fixed_size_presets[9:21-1344x3136] PASSED [ 77%]
backend/tests/unit/test_sensenova_image_provider.py::test_sensenova_u1_fast_unknown_ratio_falls_back_to_16x9 PASSED [ 77%]
backend/tests/unit/test_sensenova_image_provider.py::test_sensenova_u1_fast_does_not_support_reference_edits PASSED [ 77%]
backend/tests/unit/test_sensenova_image_provider.py::test_sensenova_reference_extreme_aspect_is_padded[source_size0-20.0] PASSED [ 77%]
backend/tests/unit/test_sensenova_image_provider.py::test_sensenova_reference_extreme_aspect_is_padded[source_size1-0.05] PASSED [ 77%]
backend/tests/unit/test_sensenova_image_provider.py::test_sensenova_reference_data_url_compresses_large_image PASSED [ 77%]
backend/tests/unit/test_sensenova_image_provider.py::test_sensenova_reference_compression_keeps_equal_steps PASSED [ 78%]
backend/tests/unit/test_smart_merge.py::TestPositionBasedMerge::test_equal_pages_preserves_description_and_image PASSED [ 78%]
backend/tests/unit/test_smart_merge.py::TestPositionBasedMerge::test_more_pages_creates_new_ones PASSED [ 78%]
backend/tests/unit/test_smart_merge.py::TestPositionBasedMerge::test_fewer_pages_deletes_trailing PASSED [ 78%]
backend/tests/unit/test_smart_merge.py::TestPositionBasedMerge::test_no_old_pages_creates_all_new PASSED [ 78%]
backend/tests/unit/test_smart_merge.py::TestPositionBasedMerge::test_part_field_updated PASSED [ 78%]
backend/tests/unit/test_smart_merge.py::TestPositionBasedMerge::test_order_index_updated PASSED [ 78%]
backend/tests/unit/test_style_from_content.py::test_get_style_from_content_prompt_structure_zh PASSED [ 78%]
backend/tests/unit/test_style_from_content.py::test_get_style_from_content_prompt_structure_en PASSED [ 79%]
backend/tests/unit/test_style_from_content.py::test_ai_service_generate_style_from_content PASSED [ 79%]
backend/tests/unit/test_style_from_content.py::test_ai_service_generate_style_from_content_empty PASSED [ 79%]
backend/tests/unit/test_style_from_content.py::test_generate_style_from_content_api_success PASSED [ 79%]
backend/tests/unit/test_style_from_content.py::test_generate_style_from_content_api_validation PASSED [ 79%]
backend/tests/unit/test_task_manager_image_prompt_fields.py::test_image_prompt_field_names_fallback_to_default_when_not_set PASSED [ 79%]
backend/tests/unit/test_task_manager_image_prompt_fields.py::test_append_extra_fields_filters_by_allowlist PASSED [ 79%]
backend/tests/unit/test_task_manager_image_prompt_fields.py::test_append_extra_fields_respects_empty_allowlist PASSED [ 80%]
backend/tests/unit/test_task_manager_image_prompt_fields.py::test_append_extra_fields_uses_prefetched_allowlist PASSED [ 80%]
backend/tests/unit/test_task_manager_image_prompt_fields.py::test_append_extra_fields_handles_missing_description_text PASSED [ 80%]
backend/tests/unit/test_task_manager_image_prompt_fields.py::test_append_extra_fields_handles_missing_description_content PASSED [ 80%]
backend/tests/unit/test_task_manager_image_prompt_fields.py::test_append_extra_fields_keeps_zero_values PASSED [ 80%]
backend/tests/unit/test_template_analysis.py::test_analyze_template_persists_nine_field_schema PASSED [ 80%]
backend/tests/unit/test_template_analysis.py::test_analyze_template_handles_not_a_slide PASSED [ 80%]
backend/tests/unit/test_template_analysis.py::test_reanalyze_resets_status_to_pending PASSED [ 80%]
backend/tests/unit/test_template_asset_file_service.py::test_save_template_asset_writes_original_and_thumb PASSED [ 81%]
backend/tests/unit/test_template_asset_file_service.py::test_save_template_asset_normalises_jpeg_extension PASSED [ 81%]
backend/tests/unit/test_template_asset_file_service.py::test_save_template_asset_rejects_invalid_image PASSED [ 81%]
backend/tests/unit/test_template_asset_file_service.py::test_save_template_asset_from_path_copies_and_thumbs PASSED [ 81%]
backend/tests/unit/test_template_asset_file_service.py::test_save_template_asset_from_path_missing_source_raises PASSED [ 81%]
backend/tests/unit/test_template_asset_file_service.py::test_delete_template_asset_removes_directory PASSED [ 81%]
backend/tests/unit/test_template_asset_file_service.py::test_delete_template_asset_is_noop_for_unknown PASSED [ 81%]
backend/tests/unit/test_template_asset_file_service.py::test_save_template_pdf_writes_file PASSED [ 82%]
backend/tests/unit/test_template_asset_file_service.py::test_save_template_pdf_rejects_non_pdf_magic PASSED [ 82%]
backend/tests/unit/test_template_asset_file_service.py::test_save_template_pdf_rejects_wrong_extension PASSED [ 82%]
backend/tests/unit/test_template_asset_file_service.py::test_cleanup_template_pdf_temp_removes_only_task_dir PASSED [ 82%]
backend/tests/unit/test_template_asset_model.py::test_project_template_mode_default_single PASSED [ 82%]
backend/tests/unit/test_template_asset_model.py::test_project_template_mode_can_be_multi PASSED [ 82%]
backend/tests/unit/test_template_asset_model.py::test_template_asset_to_dict_shape PASSED [ 82%]
backend/tests/unit/test_template_asset_model.py::test_template_asset_thumb_url_falls_back_to_none PASSED [ 82%]
backend/tests/unit/test_template_asset_model.py::test_template_asset_invalid_json_returns_none PASSED [ 83%]
backend/tests/unit/test_template_asset_model.py::test_project_cascade_deletes_assets PASSED [ 83%]
backend/tests/unit/test_template_asset_model.py::test_page_template_relationship_loads_asset PASSED [ 83%]
backend/tests/unit/test_template_asset_model.py::test_template_asset_pages_referenced_backref PASSED [ 83%]
backend/tests/unit/test_template_asset_model.py::test_delete_asset_sets_page_template_id_null PASSED [ 83%]
backend/tests/unit/test_template_asset_model.py::test_page_to_dict_includes_template_fields_when_unset PASSED [ 83%]
backend/tests/unit/test_template_assets_api.py::test_upload_template_asset_creates_record_and_enqueues_analyze PASSED [ 83%]
backend/tests/unit/test_template_assets_api.py::test_upload_template_asset_marks_task_failed_when_submit_fails PASSED [ 84%]
backend/tests/unit/test_template_assets_api.py::test_upload_template_pdf_marks_task_failed_when_submit_fails PASSED [ 84%]
backend/tests/unit/test_template_assets_api.py::test_upload_with_bind_to_page_links_page PASSED [ 84%]
backend/tests/unit/test_template_assets_api.py::test_upload_with_bad_bind_to_page_returns_400 PASSED [ 84%]
backend/tests/unit/test_template_assets_api.py::test_list_template_assets_orders_by_sort_order PASSED [ 84%]
backend/tests/unit/test_template_assets_api.py::test_patch_template_asset_updates_label_and_marks_user_edited PASSED [ 84%]
backend/tests/unit/test_template_assets_api.py::test_patch_template_asset_rejects_status PASSED [ 84%]
backend/tests/unit/test_template_assets_api.py::test_delete_asset_clears_referenced_pages PASSED [ 85%]
backend/tests/unit/test_template_assets_api.py::test_reanalyze_resets_status PASSED [ 85%]
backend/tests/unit/test_template_auto_match.py::test_auto_match_writes_template_asset_to_pages PASSED [ 85%]
backend/tests/unit/test_template_auto_match.py::test_auto_match_undecided_nulls_template_when_overwrite PASSED [ 85%]
backend/tests/unit/test_template_auto_match.py::test_auto_match_preserve_non_empty_skips_already_assigned PASSED [ 85%]
backend/tests/unit/test_template_auto_match.py::test_auto_match_rejects_foreign_asset_id_from_llm PASSED [ 85%]
backend/tests/unit/test_template_auto_match.py::test_auto_match_threshold_triggers_batching PASSED [ 85%]
backend/tests/unit/test_template_auto_match.py::test_auto_match_wraps_single_dict_response PASSED [ 85%]
backend/tests/unit/test_template_auto_match.py::test_auto_match_endpoint_missing_descriptions_400 PASSED [ 86%]
backend/tests/unit/test_template_auto_match.py::test_auto_match_endpoint_rejects_project_without_pages PASSED [ 86%]
backend/tests/unit/test_template_auto_match.py::test_auto_match_endpoint_waits_for_template_analysis PASSED [ 86%]
backend/tests/unit/test_template_auto_match.py::test_auto_match_endpoint_requires_analyzed_template PASSED [ 86%]
backend/tests/unit/test_template_auto_match.py::test_page_auto_match_waits_for_all_template_analysis PASSED [ 86%]
backend/tests/unit/test_template_auto_match.py::test_auto_match_endpoint_marks_task_failed_when_submit_fails PASSED [ 86%]
backend/tests/unit/test_template_auto_match.py::test_trim_page_for_match_falls_back_to_free_text_schema PASSED [ 86%]
backend/tests/unit/test_template_auto_match.py::test_trim_page_for_match_structured_schema_unchanged PASSED [ 87%]
backend/tests/unit/test_template_auto_match.py::test_trim_template_for_match_includes_identity_fields PASSED [ 87%]
backend/tests/unit/test_template_mode_switch.py::test_default_template_mode_is_single PASSED [ 87%]
backend/tests/unit/test_template_mode_switch.py::test_switch_single_to_multi_does_not_touch_pages PASSED [ 87%]
backend/tests/unit/test_template_mode_switch.py::test_switch_multi_to_single_with_existing_asset_overwrites_pages PASSED [ 87%]
backend/tests/unit/test_template_mode_switch.py::test_switch_multi_to_single_coerces_non_string_style_text PASSED [ 87%]
backend/tests/unit/test_template_mode_switch.py::test_switch_multi_to_single_requires_unifier PASSED [ 87%]
backend/tests/unit/test_template_mode_switch.py::test_switch_multi_to_single_rejects_foreign_asset PASSED [ 87%]
backend/tests/unit/test_template_mode_switch.py::test_switch_with_upload_creates_asset_and_overwrites_pages PASSED [ 88%]
backend/tests/unit/test_template_mode_switch.py::test_patch_page_template_validates_project_membership PASSED [ 88%]
backend/tests/unit/test_template_mode_switch.py::test_patch_page_template_clears_match_metadata_on_manual PASSED [ 88%]
backend/tests/unit/test_template_mode_switch.py::test_patch_page_template_clears_metadata_when_empty PASSED [ 88%]
backend/tests/unit/test_template_mode_switch.py::test_auto_match_requires_descriptions PASSED [ 88%]
backend/tests/unit/test_template_mode_switch.py::test_auto_match_single_page_waits_for_pending_asset PASSED [ 88%]
backend/tests/unit/test_tts_video_service.py::TestModuleConstants::test_max_subtitle_segment_length PASSED [ 88%]
backend/tests/unit/test_tts_video_service.py::TestModuleConstants::test_default_silent_duration PASSED [ 89%]
backend/tests/unit/test_tts_video_service.py::TestModuleConstants::test_ffmpeg_idle_timeout_seconds PASSED [ 89%]
backend/tests/unit/test_tts_video_service.py::TestModuleConstants::test_video_clip_helpers_default_to_extended_idle_timeout PASSED [ 89%]
backend/tests/unit/test_tts_video_service.py::TestGetDefaultVoice::test_zh_voice PASSED [ 89%]
backend/tests/unit/test_tts_video_service.py::TestGetDefaultVoice::test_en_voice PASSED [ 89%]
backend/tests/unit/test_tts_video_service.py::TestGetDefaultVoice::test_ja_voice PASSED [ 89%]
backend/tests/unit/test_tts_video_service.py::TestGetDefaultVoice::test_unknown_language_fallback PASSED [ 89%]
backend/tests/unit/test_tts_video_service.py::TestGetDefaultVoice::test_custom_config PASSED [ 90%]
backend/tests/unit/test_tts_video_service.py::TestCheckFfmpegAvailable::test_ffmpeg_available PASSED [ 90%]
backend/tests/unit/test_tts_video_service.py::TestCheckFfmpegAvailable::test_ffmpeg_not_found PASSED [ 90%]
backend/tests/unit/test_tts_video_service.py::TestCheckFfmpegAvailable::test_ffmpeg_error PASSED [ 90%]
backend/tests/unit/test_tts_video_service.py::TestCheckFfmpegAssFilterAvailable::test_ass_filter_available PASSED [ 90%]
backend/tests/unit/test_tts_video_service.py::TestCheckFfmpegAssFilterAvailable::test_ass_filter_missing PASSED [ 90%]
backend/tests/unit/test_tts_video_service.py::TestCheckFfmpegAssFilterAvailable::test_ass_filter_check_not_found PASSED [ 90%]
backend/tests/unit/test_tts_video_service.py::TestGetAudioDuration::test_ffprobe_is_resolved_as_sibling_without_rewriting_parent_folders[ffmpeg-ffprobe] PASSED [ 90%]
backend/tests/unit/test_tts_video_service.py::TestGetAudioDuration::test_ffprobe_is_resolved_as_sibling_without_rewriting_parent_folders[/usr/local/bin/ffmpeg-/usr/local/bin/ffprobe] PASSED [ 91%]
backend/tests/unit/test_tts_video_service.py::TestGetAudioDuration::test_ffprobe_is_resolved_as_sibling_without_rewriting_parent_folders[/Applications/FFmpeg Tools/ffmpeg-/Applications/FFmpeg Tools/ffprobe] PASSED [ 91%]
backend/tests/unit/test_tts_video_service.py::TestGetAudioDuration::test_ffprobe_is_resolved_as_sibling_without_rewriting_parent_folders[D:\\Program Files\\Banana Slides\\resources\\ffmpeg\\ffmpeg.exe-D:\\Program Files\\Banana Slides\\resources\\ffmpeg\\ffprobe.exe] PASSED [ 91%]
backend/tests/unit/test_tts_video_service.py::TestGetAudioDuration::test_parse_duration PASSED [ 91%]
backend/tests/unit/test_tts_video_service.py::TestGetAudioDuration::test_packaged_windows_ffprobe_command_uses_existing_sibling_location PASSED [ 91%]
backend/tests/unit/test_tts_video_service.py::TestKenBurnsEffects::test_effect_cycling PASSED [ 91%]
backend/tests/unit/test_tts_video_service.py::TestKenBurnsEffects::test_zoom_strength_is_conservative PASSED [ 91%]
backend/tests/unit/test_tts_video_service.py::TestKenBurnsEffects::test_zoom_effect_keeps_slide_corners_visible_with_real_ffmpeg[zoom_in--1] SKIPPED [ 92%]
backend/tests/unit/test_tts_video_service.py::TestKenBurnsEffects::test_zoom_effect_keeps_slide_corners_visible_with_real_ffmpeg[zoom_out-0] SKIPPED [ 92%]
backend/tests/unit/test_tts_video_service.py::TestKenBurnsEffects::test_silent_static_clip_uses_extended_default_idle_timeout PASSED [ 92%]
backend/tests/unit/test_tts_video_service.py::TestKenBurnsEffects::test_silent_ken_burns_clip_forwards_extended_default_idle_timeout PASSED [ 92%]
backend/tests/unit/test_tts_video_service.py::TestCompositeVideoConcatFile::test_single_clip_copies PASSED [ 92%]
backend/tests/unit/test_tts_video_service.py::TestCompositeVideoConcatFile::test_multiple_clips_concat PASSED [ 92%]
backend/tests/unit/test_tts_video_service.py::TestIdleWatchdog::test_wait_allows_long_running_process_with_output PASSED [ 92%]
backend/tests/unit/test_tts_video_service.py::TestIdleWatchdog::test_wait_kills_process_when_output_stalls PASSED [ 92%]
backend/tests/unit/test_tts_video_service.py::TestIdleWatchdog::test_concat_rejects_newline_in_path PASSED [ 93%]
backend/tests/unit/test_tts_video_service.py::TestIdleWatchdog::test_multiple_clips_concat_with_real_ffmpeg SKIPPED [ 93%]
backend/tests/unit/test_tts_video_service.py::TestSubtitleSplitting::test_short_text_single_sentence PASSED [ 93%]
backend/tests/unit/test_tts_video_service.py::TestSubtitleSplitting::test_split_by_period PASSED [ 93%]
backend/tests/unit/test_tts_video_service.py::TestSubtitleSplitting::test_split_long_sentence_by_comma PASSED [ 93%]
backend/tests/unit/test_tts_video_service.py::TestSubtitleSplitting::test_timed_entries_cover_duration PASSED [ 93%]
backend/tests/unit/test_tts_video_service.py::TestSubtitleSplitting::test_timed_entries_proportional PASSED [ 93%]
backend/tests/unit/test_tts_video_service.py::TestSubtitleSplitting::test_ass_file_generation PASSED [ 94%]
backend/tests/unit/test_tts_video_service.py::TestBurnSubtitles::test_uses_filename_option_and_escapes_path PASSED [ 94%]
backend/tests/unit/test_tts_video_service.py::TestBurnSubtitles::test_appends_fontsdir_when_detected PASSED [ 94%]
backend/tests/unit/test_tts_video_service.py::TestGenerateNarrationVideoPrerequisites::test_fails_early_when_subtitles_required_but_ass_filter_missing PASSED [ 94%]
backend/tests/unit/test_tts_video_service.py::TestNarrationPrompt::test_prompt_contains_required_fields PASSED [ 94%]
backend/tests/unit/test_tts_video_service.py::TestNarrationPrompt::test_english_prompt PASSED [ 94%]
backend/tests/unit/test_tts_video_service.py::TestNarrationPrompt::test_prompt_uses_custom_config PASSED [ 94%]
backend/tests/unit/test_tts_video_service.py::TestNarrationPrompt::test_normalize_narration_config_clamps_and_defaults PASSED [ 95%]
backend/tests/unit/test_tts_video_service.py::TestNarrationPrompt::test_parse_narration_generation_result PASSED [ 95%]
backend/tests/unit/test_tts_video_service.py::TestPageNarrationModel::test_narration_text_in_to_dict PASSED [ 95%]
backend/tests/unit/test_tts_video_service.py::TestPageNarrationModel::test_set_narration_text PASSED [ 95%]
backend/tests/unit/test_tts_video_service.py::TestPageNarrationModel::test_set_narration_text_empty PASSED [ 95%]
backend/tests/unit/test_tts_video_service.py::TestPageNarrationModel::test_get_narration_text PASSED [ 95%]
backend/tests/unit/test_tts_video_service.py::TestExportVideoRoute::test_export_video_project_not_found PASSED [ 95%]
backend/tests/unit/test_tts_video_service.py::TestExportVideoRoute::test_export_video_returns_normalized_narration_config PASSED [ 95%]
backend/tests/unit/test_tts_video_service.py::TestExportVideoRoute::test_export_video_no_pages PASSED [ 96%]
backend/tests/unit/test_tts_video_service.py::TestExportVideoRoute::test_export_video_without_partial_fails_when_narration_missing SKIPPED [ 96%]
backend/tests/unit/test_tts_video_service.py::TestExportVideoRoute::test_export_video_with_partial_allows_silent_result SKIPPED [ 96%]
backend/tests/unit/test_tts_video_service.py::TestNarrationCRUD::test_update_narration_page_not_found PASSED [ 96%]
backend/tests/unit/test_tts_video_service.py::TestNarrationCRUD::test_update_narration_missing_field PASSED [ 96%]
backend/tests/unit/test_update_check_service.py::test_check_for_update_reports_up_to_date_for_matching_docker_sha PASSED [ 96%]
backend/tests/unit/test_update_check_service.py::test_check_for_update_accepts_sha256_length_version_tags PASSED [ 96%]
backend/tests/unit/test_update_check_service.py::test_check_for_update_reports_newer_docker_image PASSED [ 97%]
backend/tests/unit/test_update_check_service.py::test_check_for_update_does_not_report_update_for_newer_local_build PASSED [ 97%]
backend/tests/unit/test_update_check_service.py::test_check_for_update_reports_newer_main_for_local_source PASSED [ 97%]
backend/tests/unit/test_update_check_service.py::test_check_for_update_reports_local_source_up_to_date PASSED [ 97%]
backend/tests/unit/test_update_check_service.py::test_check_for_update_reports_local_source_up_to_date_when_latest_is_ancestor PASSED [ 97%]
backend/tests/unit/test_update_check_service.py::test_check_for_update_matches_short_sha_against_full_source_sha PASSED [ 97%]
backend/tests/unit/test_update_check_service.py::test_check_for_update_reports_unknown_when_source_latest_is_missing PASSED [ 97%]
backend/tests/unit/test_update_check_service.py::test_check_for_update_reports_unknown_when_source_current_is_missing PASSED [ 97%]
backend/tests/unit/test_update_check_service.py::test_check_for_update_uses_latest_timestamp_when_sha_tag_is_missing PASSED [ 98%]
backend/tests/unit/test_update_check_service.py::test_check_for_update_timestamp_fallback_can_report_up_to_date PASSED [ 98%]
backend/tests/unit/test_update_check_service.py::test_check_for_update_timestamp_fallback_allows_push_latency PASSED [ 98%]
backend/tests/unit/test_update_check_service.py::test_check_for_update_handles_naive_build_dates PASSED [ 98%]
backend/tests/unit/test_update_check_service.py::test_check_for_update_handles_fractional_second_timestamps PASSED [ 98%]
backend/tests/unit/test_update_check_service.py::test_check_for_update_reports_unknown_when_latest_updated_fails_to_parse PASSED [ 98%]
backend/tests/unit/test_update_check_service.py::test_check_for_update_treats_null_docker_hub_lists_as_empty PASSED [ 98%]
backend/tests/unit/test_update_check_service.py::test_check_for_update_ignores_null_image_entries PASSED [ 99%]
backend/tests/unit/test_update_check_service.py::test_check_for_update_ignores_non_dict_image_entries PASSED [ 99%]
backend/tests/unit/test_update_check_service.py::test_check_for_update_treats_non_list_images_as_empty PASSED [ 99%]
backend/tests/unit/test_update_check_service.py::test_check_for_update_treats_null_results_as_empty PASSED [ 99%]
backend/tests/unit/test_update_check_service.py::test_check_for_update_treats_non_list_results_as_empty PASSED [ 99%]
backend/tests/unit/test_update_check_service.py::test_check_for_update_treats_non_dict_response_payload_as_empty PASSED [ 99%]
backend/tests/unit/test_update_check_service.py::test_check_for_update_ignores_non_dict_tag_results PASSED [ 99%]
backend/tests/unit/test_update_check_service.py::test_current_metadata_skips_git_fallback_inside_docker PASSED [100%]

========== 719 passed, 22 skipped, 330 warnings in 120.57s (0:02:00) ===========
